###############################################################################
#
# IAR ELF Linker V7.70.1.11437/W32 for ARM                22/Apr/2017  15:34:58
# Copyright 2007-2016 IAR Systems AB.
#
#    Output file  =  
#        D:\2.tempPjt\171.SensorTile Drum set\6.git
#        AirDrum\AirDrum\1.SensorTile\BlueMicrosystem2_V2.2.0\Projects\Multi\Applications\BlueMicrosystem2\EWARM\STM32L476RG-SensorTile\STM32L476RG_SENSORTILE\Exe\BlueMS2_ST.out
#    Map file     =  
#        D:\2.tempPjt\171.SensorTile Drum set\6.git
#        AirDrum\AirDrum\1.SensorTile\BlueMicrosystem2_V2.2.0\Projects\Multi\Applications\BlueMicrosystem2\EWARM\STM32L476RG-SensorTile\STM32L476RG_SENSORTILE\List\BlueMS2_ST.map
#    Command line =  
#        "D:\2.tempPjt\171.SensorTile Drum set\6.git
#        AirDrum\AirDrum\1.SensorTile\BlueMicrosystem2_V2.2.0\Projects\Multi\Applications\BlueMicrosystem2\EWARM\STM32L476RG-SensorTile\STM32L476RG_SENSORTILE\Obj\ble_list.o"
#        "D:\2.tempPjt\171.SensorTile Drum set\6.git
#        AirDrum\AirDrum\1.SensorTile\BlueMicrosystem2_V2.2.0\Projects\Multi\Applications\BlueMicrosystem2\EWARM\STM32L476RG-SensorTile\STM32L476RG_SENSORTILE\Obj\bluenrg_gap_aci.o"
#        "D:\2.tempPjt\171.SensorTile Drum set\6.git
#        AirDrum\AirDrum\1.SensorTile\BlueMicrosystem2_V2.2.0\Projects\Multi\Applications\BlueMicrosystem2\EWARM\STM32L476RG-SensorTile\STM32L476RG_SENSORTILE\Obj\bluenrg_gatt_aci.o"
#        "D:\2.tempPjt\171.SensorTile Drum set\6.git
#        AirDrum\AirDrum\1.SensorTile\BlueMicrosystem2_V2.2.0\Projects\Multi\Applications\BlueMicrosystem2\EWARM\STM32L476RG-SensorTile\STM32L476RG_SENSORTILE\Obj\bluenrg_hal_aci.o"
#        "D:\2.tempPjt\171.SensorTile Drum set\6.git
#        AirDrum\AirDrum\1.SensorTile\BlueMicrosystem2_V2.2.0\Projects\Multi\Applications\BlueMicrosystem2\EWARM\STM32L476RG-SensorTile\STM32L476RG_SENSORTILE\Obj\bluenrg_itf_template.o"
#        "D:\2.tempPjt\171.SensorTile Drum set\6.git
#        AirDrum\AirDrum\1.SensorTile\BlueMicrosystem2_V2.2.0\Projects\Multi\Applications\BlueMicrosystem2\EWARM\STM32L476RG-SensorTile\STM32L476RG_SENSORTILE\Obj\bluenrg_l2cap_aci.o"
#        "D:\2.tempPjt\171.SensorTile Drum set\6.git
#        AirDrum\AirDrum\1.SensorTile\BlueMicrosystem2_V2.2.0\Projects\Multi\Applications\BlueMicrosystem2\EWARM\STM32L476RG-SensorTile\STM32L476RG_SENSORTILE\Obj\bluenrg_utils.o"
#        "D:\2.tempPjt\171.SensorTile Drum set\6.git
#        AirDrum\AirDrum\1.SensorTile\BlueMicrosystem2_V2.2.0\Projects\Multi\Applications\BlueMicrosystem2\EWARM\STM32L476RG-SensorTile\STM32L476RG_SENSORTILE\Obj\gp_timer.o"
#        "D:\2.tempPjt\171.SensorTile Drum set\6.git
#        AirDrum\AirDrum\1.SensorTile\BlueMicrosystem2_V2.2.0\Projects\Multi\Applications\BlueMicrosystem2\EWARM\STM32L476RG-SensorTile\STM32L476RG_SENSORTILE\Obj\hci.o"
#        "D:\2.tempPjt\171.SensorTile Drum set\6.git
#        AirDrum\AirDrum\1.SensorTile\BlueMicrosystem2_V2.2.0\Projects\Multi\Applications\BlueMicrosystem2\EWARM\STM32L476RG-SensorTile\STM32L476RG_SENSORTILE\Obj\HTS221_Driver.o"
#        "D:\2.tempPjt\171.SensorTile Drum set\6.git
#        AirDrum\AirDrum\1.SensorTile\BlueMicrosystem2_V2.2.0\Projects\Multi\Applications\BlueMicrosystem2\EWARM\STM32L476RG-SensorTile\STM32L476RG_SENSORTILE\Obj\HTS221_Driver_HL.o"
#        "D:\2.tempPjt\171.SensorTile Drum set\6.git
#        AirDrum\AirDrum\1.SensorTile\BlueMicrosystem2_V2.2.0\Projects\Multi\Applications\BlueMicrosystem2\EWARM\STM32L476RG-SensorTile\STM32L476RG_SENSORTILE\Obj\HWAdvanceFeatures.o"
#        "D:\2.tempPjt\171.SensorTile Drum set\6.git
#        AirDrum\AirDrum\1.SensorTile\BlueMicrosystem2_V2.2.0\Projects\Multi\Applications\BlueMicrosystem2\EWARM\STM32L476RG-SensorTile\STM32L476RG_SENSORTILE\Obj\LPS22HB_Driver.o"
#        "D:\2.tempPjt\171.SensorTile Drum set\6.git
#        AirDrum\AirDrum\1.SensorTile\BlueMicrosystem2_V2.2.0\Projects\Multi\Applications\BlueMicrosystem2\EWARM\STM32L476RG-SensorTile\STM32L476RG_SENSORTILE\Obj\LPS22HB_Driver_HL.o"
#        "D:\2.tempPjt\171.SensorTile Drum set\6.git
#        AirDrum\AirDrum\1.SensorTile\BlueMicrosystem2_V2.2.0\Projects\Multi\Applications\BlueMicrosystem2\EWARM\STM32L476RG-SensorTile\STM32L476RG_SENSORTILE\Obj\LSM303AGR_ACC_driver.o"
#        "D:\2.tempPjt\171.SensorTile Drum set\6.git
#        AirDrum\AirDrum\1.SensorTile\BlueMicrosystem2_V2.2.0\Projects\Multi\Applications\BlueMicrosystem2\EWARM\STM32L476RG-SensorTile\STM32L476RG_SENSORTILE\Obj\LSM303AGR_ACC_driver_HL.o"
#        "D:\2.tempPjt\171.SensorTile Drum set\6.git
#        AirDrum\AirDrum\1.SensorTile\BlueMicrosystem2_V2.2.0\Projects\Multi\Applications\BlueMicrosystem2\EWARM\STM32L476RG-SensorTile\STM32L476RG_SENSORTILE\Obj\LSM303AGR_MAG_driver.o"
#        "D:\2.tempPjt\171.SensorTile Drum set\6.git
#        AirDrum\AirDrum\1.SensorTile\BlueMicrosystem2_V2.2.0\Projects\Multi\Applications\BlueMicrosystem2\EWARM\STM32L476RG-SensorTile\STM32L476RG_SENSORTILE\Obj\LSM303AGR_MAG_driver_HL.o"
#        "D:\2.tempPjt\171.SensorTile Drum set\6.git
#        AirDrum\AirDrum\1.SensorTile\BlueMicrosystem2_V2.2.0\Projects\Multi\Applications\BlueMicrosystem2\EWARM\STM32L476RG-SensorTile\STM32L476RG_SENSORTILE\Obj\LSM6DSM_ACC_GYRO_driver.o"
#        "D:\2.tempPjt\171.SensorTile Drum set\6.git
#        AirDrum\AirDrum\1.SensorTile\BlueMicrosystem2_V2.2.0\Projects\Multi\Applications\BlueMicrosystem2\EWARM\STM32L476RG-SensorTile\STM32L476RG_SENSORTILE\Obj\LSM6DSM_ACC_GYRO_driver_HL.o"
#        "D:\2.tempPjt\171.SensorTile Drum set\6.git
#        AirDrum\AirDrum\1.SensorTile\BlueMicrosystem2_V2.2.0\Projects\Multi\Applications\BlueMicrosystem2\EWARM\STM32L476RG-SensorTile\STM32L476RG_SENSORTILE\Obj\main.o"
#        "D:\2.tempPjt\171.SensorTile Drum set\6.git
#        AirDrum\AirDrum\1.SensorTile\BlueMicrosystem2_V2.2.0\Projects\Multi\Applications\BlueMicrosystem2\EWARM\STM32L476RG-SensorTile\STM32L476RG_SENSORTILE\Obj\MetaDataManager.o"
#        "D:\2.tempPjt\171.SensorTile Drum set\6.git
#        AirDrum\AirDrum\1.SensorTile\BlueMicrosystem2_V2.2.0\Projects\Multi\Applications\BlueMicrosystem2\EWARM\STM32L476RG-SensorTile\STM32L476RG_SENSORTILE\Obj\MotionFX_Manager.o"
#        "D:\2.tempPjt\171.SensorTile Drum set\6.git
#        AirDrum\AirDrum\1.SensorTile\BlueMicrosystem2_V2.2.0\Projects\Multi\Applications\BlueMicrosystem2\EWARM\STM32L476RG-SensorTile\STM32L476RG_SENSORTILE\Obj\osal.o"
#        "D:\2.tempPjt\171.SensorTile Drum set\6.git
#        AirDrum\AirDrum\1.SensorTile\BlueMicrosystem2_V2.2.0\Middlewares\ST\STM32_OSX_BlueVoice_Library\Lib\osxBlueVoice200_CM4F_IAR_ot.a"
#        "D:\2.tempPjt\171.SensorTile Drum set\6.git
#        AirDrum\AirDrum\1.SensorTile\BlueMicrosystem2_V2.2.0\Middlewares\ST\STM32_OSX_MotionAR_Library\Lib\osxMotionAR120_CM4F_IAR_ot.a"
#        "D:\2.tempPjt\171.SensorTile Drum set\6.git
#        AirDrum\AirDrum\1.SensorTile\BlueMicrosystem2_V2.2.0\Middlewares\ST\STM32_OSX_MotionCP_Library\Lib\osxMotionCP100_CM4F_IAR_ot.a"
#        "D:\2.tempPjt\171.SensorTile Drum set\6.git
#        AirDrum\AirDrum\1.SensorTile\BlueMicrosystem2_V2.2.0\Middlewares\ST\STM32_OSX_MotionFX_Library\Lib\osxMotionFX107_CM4_IAR_ot.a"
#        "D:\2.tempPjt\171.SensorTile Drum set\6.git
#        AirDrum\AirDrum\1.SensorTile\BlueMicrosystem2_V2.2.0\Middlewares\ST\STM32_OSX_MotionGR_Library\Lib\osxMotionGR100_CM4F_IAR_ot.a"
#        "D:\2.tempPjt\171.SensorTile Drum set\6.git
#        AirDrum\AirDrum\1.SensorTile\BlueMicrosystem2_V2.2.0\Projects\Multi\Applications\BlueMicrosystem2\EWARM\STM32L476RG-SensorTile\STM32L476RG_SENSORTILE\Obj\OTA.o"
#        "D:\2.tempPjt\171.SensorTile Drum set\6.git
#        AirDrum\AirDrum\1.SensorTile\BlueMicrosystem2_V2.2.0\Projects\Multi\Applications\BlueMicrosystem2\EWARM\STM32L476RG-SensorTile\STM32L476RG_SENSORTILE\Obj\PeakCounter.o"
#        "D:\2.tempPjt\171.SensorTile Drum set\6.git
#        AirDrum\AirDrum\1.SensorTile\BlueMicrosystem2_V2.2.0\Projects\Multi\Applications\BlueMicrosystem2\EWARM\STM32L476RG-SensorTile\STM32L476RG_SENSORTILE\Obj\sensor_service.o"
#        "D:\2.tempPjt\171.SensorTile Drum set\6.git
#        AirDrum\AirDrum\1.SensorTile\BlueMicrosystem2_V2.2.0\Projects\Multi\Applications\BlueMicrosystem2\EWARM\STM32L476RG-SensorTile\STM32L476RG_SENSORTILE\Obj\SensorTile.o"
#        "D:\2.tempPjt\171.SensorTile Drum set\6.git
#        AirDrum\AirDrum\1.SensorTile\BlueMicrosystem2_V2.2.0\Projects\Multi\Applications\BlueMicrosystem2\EWARM\STM32L476RG-SensorTile\STM32L476RG_SENSORTILE\Obj\SensorTile_accelero.o"
#        "D:\2.tempPjt\171.SensorTile Drum set\6.git
#        AirDrum\AirDrum\1.SensorTile\BlueMicrosystem2_V2.2.0\Projects\Multi\Applications\BlueMicrosystem2\EWARM\STM32L476RG-SensorTile\STM32L476RG_SENSORTILE\Obj\SensorTile_audio_in.o"
#        "D:\2.tempPjt\171.SensorTile Drum set\6.git
#        AirDrum\AirDrum\1.SensorTile\BlueMicrosystem2_V2.2.0\Projects\Multi\Applications\BlueMicrosystem2\EWARM\STM32L476RG-SensorTile\STM32L476RG_SENSORTILE\Obj\SensorTile_BlueNRG.o"
#        "D:\2.tempPjt\171.SensorTile Drum set\6.git
#        AirDrum\AirDrum\1.SensorTile\BlueMicrosystem2_V2.2.0\Projects\Multi\Applications\BlueMicrosystem2\EWARM\STM32L476RG-SensorTile\STM32L476RG_SENSORTILE\Obj\SensorTile_gg.o"
#        "D:\2.tempPjt\171.SensorTile Drum set\6.git
#        AirDrum\AirDrum\1.SensorTile\BlueMicrosystem2_V2.2.0\Projects\Multi\Applications\BlueMicrosystem2\EWARM\STM32L476RG-SensorTile\STM32L476RG_SENSORTILE\Obj\SensorTile_gyro.o"
#        "D:\2.tempPjt\171.SensorTile Drum set\6.git
#        AirDrum\AirDrum\1.SensorTile\BlueMicrosystem2_V2.2.0\Projects\Multi\Applications\BlueMicrosystem2\EWARM\STM32L476RG-SensorTile\STM32L476RG_SENSORTILE\Obj\SensorTile_humidity.o"
#        "D:\2.tempPjt\171.SensorTile Drum set\6.git
#        AirDrum\AirDrum\1.SensorTile\BlueMicrosystem2_V2.2.0\Projects\Multi\Applications\BlueMicrosystem2\EWARM\STM32L476RG-SensorTile\STM32L476RG_SENSORTILE\Obj\SensorTile_magneto.o"
#        "D:\2.tempPjt\171.SensorTile Drum set\6.git
#        AirDrum\AirDrum\1.SensorTile\BlueMicrosystem2_V2.2.0\Projects\Multi\Applications\BlueMicrosystem2\EWARM\STM32L476RG-SensorTile\STM32L476RG_SENSORTILE\Obj\SensorTile_pressure.o"
#        "D:\2.tempPjt\171.SensorTile Drum set\6.git
#        AirDrum\AirDrum\1.SensorTile\BlueMicrosystem2_V2.2.0\Projects\Multi\Applications\BlueMicrosystem2\EWARM\STM32L476RG-SensorTile\STM32L476RG_SENSORTILE\Obj\SensorTile_temperature.o"
#        "D:\2.tempPjt\171.SensorTile Drum set\6.git
#        AirDrum\AirDrum\1.SensorTile\BlueMicrosystem2_V2.2.0\Projects\Multi\Applications\BlueMicrosystem2\EWARM\STM32L476RG-SensorTile\STM32L476RG_SENSORTILE\Obj\startup_stm32l476xx.o"
#        "D:\2.tempPjt\171.SensorTile Drum set\6.git
#        AirDrum\AirDrum\1.SensorTile\BlueMicrosystem2_V2.2.0\Projects\Multi\Applications\BlueMicrosystem2\EWARM\STM32L476RG-SensorTile\STM32L476RG_SENSORTILE\Obj\STC3115_Driver.o"
#        "D:\2.tempPjt\171.SensorTile Drum set\6.git
#        AirDrum\AirDrum\1.SensorTile\BlueMicrosystem2_V2.2.0\Projects\Multi\Applications\BlueMicrosystem2\EWARM\STM32L476RG-SensorTile\STM32L476RG_SENSORTILE\Obj\stm32l4xx_hal.o"
#        "D:\2.tempPjt\171.SensorTile Drum set\6.git
#        AirDrum\AirDrum\1.SensorTile\BlueMicrosystem2_V2.2.0\Projects\Multi\Applications\BlueMicrosystem2\EWARM\STM32L476RG-SensorTile\STM32L476RG_SENSORTILE\Obj\stm32l4xx_hal_adc.o"
#        "D:\2.tempPjt\171.SensorTile Drum set\6.git
#        AirDrum\AirDrum\1.SensorTile\BlueMicrosystem2_V2.2.0\Projects\Multi\Applications\BlueMicrosystem2\EWARM\STM32L476RG-SensorTile\STM32L476RG_SENSORTILE\Obj\stm32l4xx_hal_adc_ex.o"
#        "D:\2.tempPjt\171.SensorTile Drum set\6.git
#        AirDrum\AirDrum\1.SensorTile\BlueMicrosystem2_V2.2.0\Projects\Multi\Applications\BlueMicrosystem2\EWARM\STM32L476RG-SensorTile\STM32L476RG_SENSORTILE\Obj\stm32l4xx_hal_cortex.o"
#        "D:\2.tempPjt\171.SensorTile Drum set\6.git
#        AirDrum\AirDrum\1.SensorTile\BlueMicrosystem2_V2.2.0\Projects\Multi\Applications\BlueMicrosystem2\EWARM\STM32L476RG-SensorTile\STM32L476RG_SENSORTILE\Obj\stm32l4xx_hal_crc.o"
#        "D:\2.tempPjt\171.SensorTile Drum set\6.git
#        AirDrum\AirDrum\1.SensorTile\BlueMicrosystem2_V2.2.0\Projects\Multi\Applications\BlueMicrosystem2\EWARM\STM32L476RG-SensorTile\STM32L476RG_SENSORTILE\Obj\stm32l4xx_hal_crc_ex.o"
#        "D:\2.tempPjt\171.SensorTile Drum set\6.git
#        AirDrum\AirDrum\1.SensorTile\BlueMicrosystem2_V2.2.0\Projects\Multi\Applications\BlueMicrosystem2\EWARM\STM32L476RG-SensorTile\STM32L476RG_SENSORTILE\Obj\stm32l4xx_hal_dfsdm.o"
#        "D:\2.tempPjt\171.SensorTile Drum set\6.git
#        AirDrum\AirDrum\1.SensorTile\BlueMicrosystem2_V2.2.0\Projects\Multi\Applications\BlueMicrosystem2\EWARM\STM32L476RG-SensorTile\STM32L476RG_SENSORTILE\Obj\stm32l4xx_hal_dma.o"
#        "D:\2.tempPjt\171.SensorTile Drum set\6.git
#        AirDrum\AirDrum\1.SensorTile\BlueMicrosystem2_V2.2.0\Projects\Multi\Applications\BlueMicrosystem2\EWARM\STM32L476RG-SensorTile\STM32L476RG_SENSORTILE\Obj\stm32l4xx_hal_flash.o"
#        "D:\2.tempPjt\171.SensorTile Drum set\6.git
#        AirDrum\AirDrum\1.SensorTile\BlueMicrosystem2_V2.2.0\Projects\Multi\Applications\BlueMicrosystem2\EWARM\STM32L476RG-SensorTile\STM32L476RG_SENSORTILE\Obj\stm32l4xx_hal_flash_ex.o"
#        "D:\2.tempPjt\171.SensorTile Drum set\6.git
#        AirDrum\AirDrum\1.SensorTile\BlueMicrosystem2_V2.2.0\Projects\Multi\Applications\BlueMicrosystem2\EWARM\STM32L476RG-SensorTile\STM32L476RG_SENSORTILE\Obj\stm32l4xx_hal_gpio.o"
#        "D:\2.tempPjt\171.SensorTile Drum set\6.git
#        AirDrum\AirDrum\1.SensorTile\BlueMicrosystem2_V2.2.0\Projects\Multi\Applications\BlueMicrosystem2\EWARM\STM32L476RG-SensorTile\STM32L476RG_SENSORTILE\Obj\stm32l4xx_hal_i2c.o"
#        "D:\2.tempPjt\171.SensorTile Drum set\6.git
#        AirDrum\AirDrum\1.SensorTile\BlueMicrosystem2_V2.2.0\Projects\Multi\Applications\BlueMicrosystem2\EWARM\STM32L476RG-SensorTile\STM32L476RG_SENSORTILE\Obj\stm32l4xx_hal_i2c_ex.o"
#        "D:\2.tempPjt\171.SensorTile Drum set\6.git
#        AirDrum\AirDrum\1.SensorTile\BlueMicrosystem2_V2.2.0\Projects\Multi\Applications\BlueMicrosystem2\EWARM\STM32L476RG-SensorTile\STM32L476RG_SENSORTILE\Obj\stm32l4xx_hal_msp.o"
#        "D:\2.tempPjt\171.SensorTile Drum set\6.git
#        AirDrum\AirDrum\1.SensorTile\BlueMicrosystem2_V2.2.0\Projects\Multi\Applications\BlueMicrosystem2\EWARM\STM32L476RG-SensorTile\STM32L476RG_SENSORTILE\Obj\stm32l4xx_hal_pcd.o"
#        "D:\2.tempPjt\171.SensorTile Drum set\6.git
#        AirDrum\AirDrum\1.SensorTile\BlueMicrosystem2_V2.2.0\Projects\Multi\Applications\BlueMicrosystem2\EWARM\STM32L476RG-SensorTile\STM32L476RG_SENSORTILE\Obj\stm32l4xx_hal_pcd_ex.o"
#        "D:\2.tempPjt\171.SensorTile Drum set\6.git
#        AirDrum\AirDrum\1.SensorTile\BlueMicrosystem2_V2.2.0\Projects\Multi\Applications\BlueMicrosystem2\EWARM\STM32L476RG-SensorTile\STM32L476RG_SENSORTILE\Obj\stm32l4xx_hal_pwr.o"
#        "D:\2.tempPjt\171.SensorTile Drum set\6.git
#        AirDrum\AirDrum\1.SensorTile\BlueMicrosystem2_V2.2.0\Projects\Multi\Applications\BlueMicrosystem2\EWARM\STM32L476RG-SensorTile\STM32L476RG_SENSORTILE\Obj\stm32l4xx_hal_pwr_ex.o"
#        "D:\2.tempPjt\171.SensorTile Drum set\6.git
#        AirDrum\AirDrum\1.SensorTile\BlueMicrosystem2_V2.2.0\Projects\Multi\Applications\BlueMicrosystem2\EWARM\STM32L476RG-SensorTile\STM32L476RG_SENSORTILE\Obj\stm32l4xx_hal_rcc.o"
#        "D:\2.tempPjt\171.SensorTile Drum set\6.git
#        AirDrum\AirDrum\1.SensorTile\BlueMicrosystem2_V2.2.0\Projects\Multi\Applications\BlueMicrosystem2\EWARM\STM32L476RG-SensorTile\STM32L476RG_SENSORTILE\Obj\stm32l4xx_hal_rcc_ex.o"
#        "D:\2.tempPjt\171.SensorTile Drum set\6.git
#        AirDrum\AirDrum\1.SensorTile\BlueMicrosystem2_V2.2.0\Projects\Multi\Applications\BlueMicrosystem2\EWARM\STM32L476RG-SensorTile\STM32L476RG_SENSORTILE\Obj\stm32l4xx_hal_rtc.o"
#        "D:\2.tempPjt\171.SensorTile Drum set\6.git
#        AirDrum\AirDrum\1.SensorTile\BlueMicrosystem2_V2.2.0\Projects\Multi\Applications\BlueMicrosystem2\EWARM\STM32L476RG-SensorTile\STM32L476RG_SENSORTILE\Obj\stm32l4xx_hal_rtc_ex.o"
#        "D:\2.tempPjt\171.SensorTile Drum set\6.git
#        AirDrum\AirDrum\1.SensorTile\BlueMicrosystem2_V2.2.0\Projects\Multi\Applications\BlueMicrosystem2\EWARM\STM32L476RG-SensorTile\STM32L476RG_SENSORTILE\Obj\stm32l4xx_hal_spi.o"
#        "D:\2.tempPjt\171.SensorTile Drum set\6.git
#        AirDrum\AirDrum\1.SensorTile\BlueMicrosystem2_V2.2.0\Projects\Multi\Applications\BlueMicrosystem2\EWARM\STM32L476RG-SensorTile\STM32L476RG_SENSORTILE\Obj\stm32l4xx_hal_spi_ex.o"
#        "D:\2.tempPjt\171.SensorTile Drum set\6.git
#        AirDrum\AirDrum\1.SensorTile\BlueMicrosystem2_V2.2.0\Projects\Multi\Applications\BlueMicrosystem2\EWARM\STM32L476RG-SensorTile\STM32L476RG_SENSORTILE\Obj\stm32l4xx_hal_tim.o"
#        "D:\2.tempPjt\171.SensorTile Drum set\6.git
#        AirDrum\AirDrum\1.SensorTile\BlueMicrosystem2_V2.2.0\Projects\Multi\Applications\BlueMicrosystem2\EWARM\STM32L476RG-SensorTile\STM32L476RG_SENSORTILE\Obj\stm32l4xx_hal_tim_ex.o"
#        "D:\2.tempPjt\171.SensorTile Drum set\6.git
#        AirDrum\AirDrum\1.SensorTile\BlueMicrosystem2_V2.2.0\Projects\Multi\Applications\BlueMicrosystem2\EWARM\STM32L476RG-SensorTile\STM32L476RG_SENSORTILE\Obj\stm32l4xx_hal_uart.o"
#        "D:\2.tempPjt\171.SensorTile Drum set\6.git
#        AirDrum\AirDrum\1.SensorTile\BlueMicrosystem2_V2.2.0\Projects\Multi\Applications\BlueMicrosystem2\EWARM\STM32L476RG-SensorTile\STM32L476RG_SENSORTILE\Obj\stm32l4xx_hal_uart_ex.o"
#        "D:\2.tempPjt\171.SensorTile Drum set\6.git
#        AirDrum\AirDrum\1.SensorTile\BlueMicrosystem2_V2.2.0\Projects\Multi\Applications\BlueMicrosystem2\EWARM\STM32L476RG-SensorTile\STM32L476RG_SENSORTILE\Obj\stm32l4xx_it.o"
#        "D:\2.tempPjt\171.SensorTile Drum set\6.git
#        AirDrum\AirDrum\1.SensorTile\BlueMicrosystem2_V2.2.0\Projects\Multi\Applications\BlueMicrosystem2\EWARM\STM32L476RG-SensorTile\STM32L476RG_SENSORTILE\Obj\stm32l4xx_ll_usb.o"
#        "D:\2.tempPjt\171.SensorTile Drum set\6.git
#        AirDrum\AirDrum\1.SensorTile\BlueMicrosystem2_V2.2.0\Projects\Multi\Applications\BlueMicrosystem2\EWARM\STM32L476RG-SensorTile\STM32L476RG_SENSORTILE\Obj\system_stm32l4xx.o"
#        "D:\2.tempPjt\171.SensorTile Drum set\6.git
#        AirDrum\AirDrum\1.SensorTile\BlueMicrosystem2_V2.2.0\Projects\Multi\Applications\BlueMicrosystem2\EWARM\STM32L476RG-SensorTile\STM32L476RG_SENSORTILE\Obj\TargetPlatform.o"
#        "D:\2.tempPjt\171.SensorTile Drum set\6.git
#        AirDrum\AirDrum\1.SensorTile\BlueMicrosystem2_V2.2.0\Projects\Multi\Applications\BlueMicrosystem2\EWARM\STM32L476RG-SensorTile\STM32L476RG_SENSORTILE\Obj\usbd_cdc.o"
#        "D:\2.tempPjt\171.SensorTile Drum set\6.git
#        AirDrum\AirDrum\1.SensorTile\BlueMicrosystem2_V2.2.0\Projects\Multi\Applications\BlueMicrosystem2\EWARM\STM32L476RG-SensorTile\STM32L476RG_SENSORTILE\Obj\usbd_cdc_interface.o"
#        "D:\2.tempPjt\171.SensorTile Drum set\6.git
#        AirDrum\AirDrum\1.SensorTile\BlueMicrosystem2_V2.2.0\Projects\Multi\Applications\BlueMicrosystem2\EWARM\STM32L476RG-SensorTile\STM32L476RG_SENSORTILE\Obj\usbd_conf.o"
#        "D:\2.tempPjt\171.SensorTile Drum set\6.git
#        AirDrum\AirDrum\1.SensorTile\BlueMicrosystem2_V2.2.0\Projects\Multi\Applications\BlueMicrosystem2\EWARM\STM32L476RG-SensorTile\STM32L476RG_SENSORTILE\Obj\usbd_core.o"
#        "D:\2.tempPjt\171.SensorTile Drum set\6.git
#        AirDrum\AirDrum\1.SensorTile\BlueMicrosystem2_V2.2.0\Projects\Multi\Applications\BlueMicrosystem2\EWARM\STM32L476RG-SensorTile\STM32L476RG_SENSORTILE\Obj\usbd_ctlreq.o"
#        "D:\2.tempPjt\171.SensorTile Drum set\6.git
#        AirDrum\AirDrum\1.SensorTile\BlueMicrosystem2_V2.2.0\Projects\Multi\Applications\BlueMicrosystem2\EWARM\STM32L476RG-SensorTile\STM32L476RG_SENSORTILE\Obj\usbd_desc.o"
#        "D:\2.tempPjt\171.SensorTile Drum set\6.git
#        AirDrum\AirDrum\1.SensorTile\BlueMicrosystem2_V2.2.0\Projects\Multi\Applications\BlueMicrosystem2\EWARM\STM32L476RG-SensorTile\STM32L476RG_SENSORTILE\Obj\usbd_ioreq.o"
#        --redirect _Printf=_PrintfSmall --redirect _Scanf=_ScanfSmall -o
#        "D:\2.tempPjt\171.SensorTile Drum set\6.git
#        AirDrum\AirDrum\1.SensorTile\BlueMicrosystem2_V2.2.0\Projects\Multi\Applications\BlueMicrosystem2\EWARM\STM32L476RG-SensorTile\STM32L476RG_SENSORTILE\Exe\BlueMS2_ST.out"
#        --map "D:\2.tempPjt\171.SensorTile Drum set\6.git
#        AirDrum\AirDrum\1.SensorTile\BlueMicrosystem2_V2.2.0\Projects\Multi\Applications\BlueMicrosystem2\EWARM\STM32L476RG-SensorTile\STM32L476RG_SENSORTILE\List\BlueMS2_ST.map"
#        --config "D:\2.tempPjt\171.SensorTile Drum set\6.git
#        AirDrum\AirDrum\1.SensorTile\BlueMicrosystem2_V2.2.0\Projects\Multi\Applications\BlueMicrosystem2\EWARM\STM32L476RG-SensorTile\stm32l476xx_flash.icf"
#        --semihosting --entry __iar_program_start --vfe
#
###############################################################################

*******************************************************************************
*** RUNTIME MODEL ATTRIBUTES
***

CppFlavor                     = *
__Heap_Handler                = DLMalloc
__SystemLibrary               = DLib
__dlib_dynamic_initialization = normal


*******************************************************************************
*** PLACEMENT SUMMARY
***

"A0":  place at 0x08004000 { ro section .intvec };
"P1":  place in [from 0x08004000 to 0x0803ffff] { ro };
"P2":  place in [from 0x20000000 to 0x20017fff] { rw, block CSTACK, block HEAP };
initialize by copy { rw };

  Section             Kind        Address     Size  Object
  -------             ----        -------     ----  ------
"A0":                                        0x188
  .intvec             ro code  0x08004000    0x188  startup_stm32l476xx.o [1]
                             - 0x08004188    0x188

"P1":                                      0x1e065
  .text               ro code  0x08004188   0x97e0  osx_motion_fx.o [6]
  .text               ro code  0x0800d968     0x4e  FltToDbl.o [4]
  .text               ro code  0x0800d9b6      0xa  xsprout.o [3]
  .text               ro code  0x0800d9c0    0x100  sqrt.o [4]
  .text               ro code  0x0800dac0     0x90  DblToFlt.o [4]
  .text               ro code  0x0800db50     0x2e  DblCmpGe.o [4]
  .text               ro code  0x0800db80     0x30  I32ToDbl.o [4]
  .text               ro code  0x0800dbb0    0x256  DblDiv.o [4]
  .text               ro code  0x0800de08     0xe8  DblAdd.o [4]
  .text               ro code  0x0800def0    0x180  DblSub.o [4]
  .text               ro code  0x0800e070    0x1a2  DblMul.o [4]
  .text               ro code  0x0800e214     0x2e  DblCmpLe.o [4]
  .text               ro code  0x0800e244     0xf4  atan2.o [4]
  .text               ro code  0x0800e338     0x44  strcpy_unaligned.o [7]
  .text               ro code  0x0800e37c     0x36  strlen.o [7]
  .text               ro code  0x0800e3b4    0x130  asin.o [4]
  .text               ro code  0x0800e4e4     0x76  ABImemcpy_unaligned.o [7]
  .text               ro code  0x0800e55c     0x3a  ABImemset48.o [7]
  .text               ro code  0x0800e598     0x20  DblCmpEq.o [4]
  .text               ro code  0x0800e5b8     0x6e  floor.o [4]
  .text               ro code  0x0800e628     0x4c  DblToI32.o [4]
  .text               ro code  0x0800e674     0x68  fmax.o [4]
  .text               ro code  0x0800e6dc      0x6  ABImemclr.o [7]
  .text               ro code  0x0800e6e4    0x2c4  osxLibraryLocker100_CM4F_IAR.o [5]
  .text               ro code  0x0800e9a8      0xc  iarEdom.o [7]
  .text               ro code  0x0800e9b4     0x40  xdtest.o [4]
  .text               ro code  0x0800e9f4     0x6c  system_stm32l4xx.o [1]
  .text               ro code  0x0800ea60    0x1f0  xatan.o [4]
  .text               ro code  0x0800ec50      0xc  errno.o [3]
  .text               ro code  0x0800ec5c     0x66  ABImemset.o [7]
  .text               ro code  0x0800ecc2      0x2  xtls.o [3]
  .text               ro code  0x0800ecc4   0x19aa  LSM6DSM_ACC_GYRO_driver_HL.o [1]
  .text               ro code  0x08010670    0xeae  LSM6DSM_ACC_GYRO_driver.o [1]
  .text               ro code  0x08011520    0x9dc  SensorTile.o [1]
  .text               ro code  0x08011efc     0x38  stm32l4xx_hal_pwr_ex.o [1]
  .text               ro code  0x08011f34    0x270  stm32l4xx_hal_gpio.o [1]
  .text               ro code  0x080121a4    0x566  stm32l4xx_hal_spi.o [1]
  .text               ro code  0x0801270c    0x164  stm32l4xx_hal_cortex.o [1]
  .text               ro code  0x08012870    0x7f2  stm32l4xx_hal_i2c.o [1]
  .text               ro code  0x08013064    0x830  stm32l4xx_hal_rcc_ex.o [1]
  .text               ro code  0x08013894    0x8d0  main.o [1]
  .text               ro code  0x08014164    0x500  SensorTile_BlueNRG.o [1]
  .text               ro code  0x08014664      0xc  stm32l4xx_hal.o [1]
  .text               ro code  0x08014670      0x2  stm32l4xx_hal_i2c.o [1]
  .text               ro code  0x08014674     0x18  stm32l4xx_hal.o [1]
  .text               ro code  0x0801468c    0x640  TargetPlatform.o [1]
  .text               ro code  0x08014ccc    0x924  MetaDataManager.o [1]
  .text               ro code  0x080155f0    0x2f8  MotionFX_Manager.o [1]
  .text               ro code  0x080158e8     0x34  sprintf.o [3]
  .text               ro code  0x0801591c    0x1f4  usbd_cdc_interface.o [1]
  .text               ro code  0x08015b10    0x494  hci.o [1]
  .text               ro code  0x08015fa4     0x1c  HWAdvanceFeatures.o [1]
  .text               ro code  0x08015fc0    0x388  SensorTile_accelero.o [1]
  .text               ro code  0x08016348    0x7be  stm32l4xx_hal_tim.o [1]
  .text               ro code  0x08016b08    0x1a4  SensorTile_magneto.o [1]
  .text               ro code  0x08016cac    0x1a4  SensorTile_gyro.o [1]
  .text               ro code  0x08016e50     0xc4  PeakCounter.o [1]
  .text               ro code  0x08016f14      0x6  ABImemclr4.o [7]
  .text               ro code  0x08016f1c     0x14  stm32l4xx_hal_pwr.o [1]
  .text               ro code  0x08016f30    0xa68  stm32l4xx_hal_rcc.o [1]
  .text               ro code  0x08017998     0x60  bluenrg_utils.o [1]
  .text               ro code  0x080179f8     0xc6  bluenrg_hal_aci.o [1]
  .text               ro code  0x08017abe     0x3c  bluenrg_gatt_aci.o [1]
  .text               ro code  0x08017afa    0x316  bluenrg_gap_aci.o [1]
  .text               ro code  0x08017e10     0x2e  gp_timer.o [1]
  .text               ro code  0x08017e40     0x28  stm32l4xx_hal.o [1]
  .text               ro code  0x08017e68    0x356  usbd_core.o [1]
  .text               ro code  0x080181c0    0x2ba  usbd_cdc.o [1]
  .text               ro code  0x0801847c     0xd4  SensorTile_gg.o [1]
  .text               ro code  0x08018550    0x138  SensorTile_humidity.o [1]
  .text               ro code  0x08018688    0x28c  SensorTile_temperature.o [1]
  .text               ro code  0x08018914    0x198  SensorTile_pressure.o [1]
  .text               ro code  0x08018aac    0x2bc  stm32l4xx_hal_flash.o [1]
  .text               ro code  0x08018d68    0x1fc  stm32l4xx_hal_flash_ex.o [1]
  .text               ro code  0x08018f64    0x7c4  xprintfsmall.o [3]
  .text               ro code  0x08019728     0xee  ble_list.o [1]
  .text               ro code  0x08019816     0x2a  sensor_service.o [1]
  .text               ro code  0x08019840     0x2c  osal.o [1]
  .text               ro code  0x0801986c    0x118  stm32l4xx_hal_msp.o [1]
  .text               ro code  0x08019984      0x2  stm32l4xx_hal_tim.o [1]
  .text               ro code  0x08019986      0x2  stm32l4xx_hal_tim.o [1]
  .text               ro code  0x08019988      0x2  stm32l4xx_hal_tim_ex.o [1]
  .text               ro code  0x0801998a      0x2  stm32l4xx_hal_tim.o [1]
  .text               ro code  0x0801998c      0x2  stm32l4xx_hal_tim_ex.o [1]
  .text               ro code  0x08019990    0x272  usbd_conf.o [1]
  .text               ro code  0x08019c04    0x662  usbd_ctlreq.o [1]
  .text               ro code  0x0801a266     0xbc  usbd_ioreq.o [1]
  .text               ro code  0x0801a324   0x14f4  dlmalloc.o [3]
  .text               ro code  0x0801b818    0x398  LPS22HB_Driver.o [1]
  .text               ro code  0x0801bbb0     0x20  xmbtowc.o [3]
  .text               ro code  0x0801bbd0     0x16  strchr.o [7]
  .text               ro code  0x0801bbe8     0x58  memchr.o [7]
  .text               ro code  0x0801bc40      0xa  xmbcurmax.o [3]
  .text               ro code  0x0801bc4a     0x1a  xwctomb.o [3]
  .text               ro code  0x0801bc64    0xc00  stm32l4xx_hal_pcd.o [1]
  .text               ro code  0x0801c864     0xae  stm32l4xx_hal_pcd_ex.o [1]
  .text               ro code  0x0801c912      0x6  abort.o [3]
  .text               ro code  0x0801c918     0x2c  xgetmemchunk.o [3]
  .text               ro code  0x0801c944     0x14  setlocale.o [3]
  .text               ro code  0x0801c958     0x60  xencoding_sb.o [3]
  .text               ro code  0x0801c9b8    0xc20  stm32l4xx_ll_usb.o [1]
  .text               ro code  0x0801d5d8     0x14  exit.o [8]
  .text               ro code  0x0801d5ec     0x6c  iarttio.o [8]
  .text               ro code  0x0801d658      0x8  XShttio.o [3]
  .text               ro code  0x0801d660    0x99a  STC3115_Driver.o [1]
  .text               ro code  0x0801dffc    0x928  LSM303AGR_ACC_driver_HL.o [1]
  .text               ro code  0x0801e924    0x52e  LSM303AGR_ACC_driver.o [1]
  .text               ro code  0x0801ee54    0x132  I64DivMod.o [7]
  .text               ro code  0x0801ef88      0x2  I64DivZer.o [7]
  .text               ro code  0x0801ef8c    0x76e  LPS22HB_Driver_HL.o [1]
  .text               ro code  0x0801f6fc    0x5e2  HTS221_Driver_HL.o [1]
  .text               ro code  0x0801fce0    0x498  HTS221_Driver.o [1]
  .text               ro code  0x08020178     0x24  printf.o [3]
  .text               ro code  0x0802019c    0x3d8  LSM303AGR_MAG_driver_HL.o [1]
  .text               ro code  0x08020574    0x1fc  LSM303AGR_MAG_driver.o [1]
  .rodata             const    0x08020770    0x180  osx_motion_fx.o [6]
  .text               ro code  0x080208f0    0x120  usbd_desc.o [1]
  .text               ro code  0x08020a10     0xe0  stm32l4xx_hal_dma.o [1]
  .text               ro code  0x08020af0     0xd6  xfspos.o [3]
  .text               ro code  0x08020bc8     0xb0  fflush.o [3]
  .text               ro code  0x08020c78      0xa  xfgpos.o [3]
  .text               ro code  0x08020c82     0x4c  lseek.o [8]
  .text               ro code  0x08020cce      0x4  xsyslock_nop.o [3]
  .text               ro code  0x08020cd2     0x10  write.o [8]
  .text               ro code  0x08020ce4     0xcc  XShHandles.o [3]
  .text               ro code  0x08020db0     0x1e  dwrite.o [8]
  .text               ro code  0x08020dce     0x20  iarwstd.o [8]
  .text               ro code  0x08020dee     0x22  iarwrite.o [8]
  .text               ro code  0x08020e10     0xb8  xfwprep.o [3]
  .text               ro code  0x08020ec8     0x22  fseek.o [3]
  .rodata             const    0x08020eec     0x90  HTS221_Driver.o [1]
  .rodata             const    0x08020f7c     0x84  MetaDataManager.o [1]
  .text               ro code  0x08021000     0x80  stm32l4xx_it.o [1]
  .text               ro code  0x08021080     0x10  stm32l4xx_hal.o [1]
  .text               ro code  0x08021090     0x80  xfofind.o [3]
  .text               ro code  0x08021110     0x7a  fclose.o [3]
  .text               ro code  0x0802118a     0x1a  close.o [8]
  .text               ro code  0x080211a4     0x16  remove.o [8]
  .text               ro code  0x080211ba     0x78  lz77_init_single.o [7]
  .rodata             const    0x08021234     0x4c  TargetPlatform.o [1]
  .rodata             const    0x08021280     0x60  LSM303AGR_ACC_driver.o [1]
  .text               ro code  0x080212e0     0x58  xcloseall.o [3]
  .text               ro code  0x08021338     0x56  fputc.o [3]
  .rodata             const    0x08021390     0x50  MetaDataManager.o [1]
  .rodata             const    0x080213e0     0x44  MetaDataManager.o [1]
  .rodata             const    0x08021424     0x40  STC3115_Driver.o [1]
  .text               ro code  0x08021464     0x40  zero_init3.o [7]
  .rodata             const    0x080214a4     0x30  HTS221_Driver.o [1]
  .rodata             const    0x080214d4     0x30  system_stm32l4xx.o [1]
  .rodata             const    0x08021504     0x2c  MetaDataManager.o [1]
  .rodata             const    0x08021530     0x28  MetaDataManager.o [1]
  .rodata             const    0x08021558     0x28  MotionFX_Manager.o [1]
  .text               ro code  0x08021580     0x28  data_init.o [7]
  .rodata             const    0x080215a8     0x24  main.o [1]
  .rodata             const    0x080215cc     0x24  main.o [1]
  .rodata             const    0x080215f0     0x24  main.o [1]
  .rodata             const    0x08021614     0x24  MetaDataManager.o [1]
  .rodata             const    0x08021638     0x24  MetaDataManager.o [1]
  .rodata             const    0x0802165c     0x24  MetaDataManager.o [1]
  .rodata             const    0x08021680     0x24  usbd_desc.o [1]
  .text               ro code  0x080216a4     0x22  fpinit_M.o [4]
  .iar.init_table     const    0x080216c8     0x20  - Linker created -
  .rodata             const    0x080216e8     0x20  MetaDataManager.o [1]
  .rodata             const    0x08021708     0x20  MetaDataManager.o [1]
  .rodata             const    0x08021728     0x20  TargetPlatform.o [1]
  .rodata             const    0x08021748     0x20  TargetPlatform.o [1]
  .rodata             const    0x08021768     0x1c  main.o [1]
  .rodata             const    0x08021784     0x1c  MetaDataManager.o [1]
  .rodata             const    0x080217a0     0x1c  MetaDataManager.o [1]
  .rodata             const    0x080217bc     0x1c  MetaDataManager.o [1]
  .rodata             const    0x080217d8     0x1c  MotionFX_Manager.o [1]
  .rodata             const    0x080217f4     0x1c  TargetPlatform.o [1]
  .rodata             const    0x08021810     0x1c  TargetPlatform.o [1]
  .rodata             const    0x0802182c     0x1c  TargetPlatform.o [1]
  .rodata             const    0x08021848     0x1c  TargetPlatform.o [1]
  .rodata             const    0x08021864     0x1c  TargetPlatform.o [1]
  .rodata             const    0x08021880     0x1c  TargetPlatform.o [1]
  .rodata             const    0x0802189c     0x1c  TargetPlatform.o [1]
  .rodata             const    0x080218b8     0x1c  TargetPlatform.o [1]
  .rodata             const    0x080218d4     0x1c  TargetPlatform.o [1]
  .rodata             const    0x080218f0     0x1c  TargetPlatform.o [1]
  .rodata             const    0x0802190c     0x1c  TargetPlatform.o [1]
  .text               ro code  0x08021928     0x1a  cmain.o [7]
  .text               ro code  0x08021942      0x4  low_level_init.o [3]
  .text               ro code  0x08021946      0x4  exit.o [3]
  .text               ro code  0x0802194c      0xe  cexit.o [7]
  .rodata             const    0x0802195c     0x18  main.o [1]
  .rodata             const    0x08021974     0x18  main.o [1]
  .rodata             const    0x0802198c     0x18  TargetPlatform.o [1]
  .rodata             const    0x080219a4     0x18  TargetPlatform.o [1]
  .rodata             const    0x080219bc     0x18  TargetPlatform.o [1]
  .rodata             const    0x080219d4     0x18  TargetPlatform.o [1]
  .rodata             const    0x080219ec     0x18  TargetPlatform.o [1]
  .rodata             const    0x08021a04     0x18  TargetPlatform.o [1]
  .rodata             const    0x08021a1c     0x18  TargetPlatform.o [1]
  .rodata             const    0x08021a34     0x18  TargetPlatform.o [1]
  .rodata             const    0x08021a4c     0x18  TargetPlatform.o [1]
  .text               ro code  0x08021a64     0x16  xprout.o [3]
  .text               ro code  0x08021a7c      0xc  putchar.o [3]
  .rodata             const    0x08021a88     0x14  MetaDataManager.o [1]
  .rodata             const    0x08021a9c     0x14  MetaDataManager.o [1]
  .rodata             const    0x08021ab0     0x14  TargetPlatform.o [1]
  .rodata             const    0x08021ac4     0x14  TargetPlatform.o [1]
  .rodata             const    0x08021ad8     0x14  usbd_desc.o [1]
  .rodata             const    0x08021aec     0x10  MotionFX_Manager.o [1]
  .rodata             const    0x08021afc     0x10  system_stm32l4xx.o [1]
  .rodata             const    0x08021b0c     0x10  usbd_desc.o [1]
  .text               ro code  0x08021b1c     0x10  startup_stm32l476xx.o [1]
  .rodata             const    0x08021b2c      0xc  usbd_desc.o [1]
  .text               ro code  0x08021b38      0xc  cstartup_M.o [7]
  .rodata             const    0x08021b44      0x8  main.o [1]
  .rodata             const    0x08021b4c      0x8  main.o [1]
  .rodata             const    0x08021b54      0x8  MetaDataManager.o [1]
  .rodata             const    0x08021b5c      0x8  MetaDataManager.o [1]
  .rodata             const    0x08021b64      0x8  SensorTile.o [1]
  .rodata             const    0x08021b6c      0x8  SensorTile_BlueNRG.o [1]
  .rodata             const    0x08021b74      0x8  SensorTile_BlueNRG.o [1]
  .rodata             const    0x08021b7c      0x8  SensorTile_BlueNRG.o [1]
  .rodata             const    0x08021b84      0x4  LSM303AGR_ACC_driver_HL.o [1]
  .rodata             const    0x08021b88      0x4  main.o [1]
  .rodata             const    0x08021b8c      0x4  main.o [1]
  .text               ro code  0x08021b90      0x4  startup_stm32l476xx.o [1]
  .text               ro code  0x08021b94      0x4  startup_stm32l476xx.o [1]
  .text               ro code  0x08021b98      0x4  startup_stm32l476xx.o [1]
  .text               ro code  0x08021b9c      0x4  startup_stm32l476xx.o [1]
  .text               ro code  0x08021ba0      0x4  startup_stm32l476xx.o [1]
  .text               ro code  0x08021ba4      0x4  startup_stm32l476xx.o [1]
  .text               ro code  0x08021ba8      0x4  startup_stm32l476xx.o [1]
  .text               ro code  0x08021bac      0x4  startup_stm32l476xx.o [1]
  .text               ro code  0x08021bb0      0x4  startup_stm32l476xx.o [1]
  .text               ro code  0x08021bb4      0x4  startup_stm32l476xx.o [1]
  .text               ro code  0x08021bb8      0x4  startup_stm32l476xx.o [1]
  .text               ro code  0x08021bbc      0x4  startup_stm32l476xx.o [1]
  .text               ro code  0x08021bc0      0x4  startup_stm32l476xx.o [1]
  .text               ro code  0x08021bc4      0x4  startup_stm32l476xx.o [1]
  .text               ro code  0x08021bc8      0x4  startup_stm32l476xx.o [1]
  .text               ro code  0x08021bcc      0x4  startup_stm32l476xx.o [1]
  .text               ro code  0x08021bd0      0x4  startup_stm32l476xx.o [1]
  .text               ro code  0x08021bd4      0x4  startup_stm32l476xx.o [1]
  .text               ro code  0x08021bd8      0x4  startup_stm32l476xx.o [1]
  .text               ro code  0x08021bdc      0x4  startup_stm32l476xx.o [1]
  .text               ro code  0x08021be0      0x4  startup_stm32l476xx.o [1]
  .text               ro code  0x08021be4      0x4  startup_stm32l476xx.o [1]
  .text               ro code  0x08021be8      0x4  startup_stm32l476xx.o [1]
  .text               ro code  0x08021bec      0x4  startup_stm32l476xx.o [1]
  .text               ro code  0x08021bf0      0x4  startup_stm32l476xx.o [1]
  .text               ro code  0x08021bf4      0x4  startup_stm32l476xx.o [1]
  .text               ro code  0x08021bf8      0x4  startup_stm32l476xx.o [1]
  .text               ro code  0x08021bfc      0x4  startup_stm32l476xx.o [1]
  .text               ro code  0x08021c00      0x4  startup_stm32l476xx.o [1]
  .text               ro code  0x08021c04      0x4  startup_stm32l476xx.o [1]
  .text               ro code  0x08021c08      0x4  startup_stm32l476xx.o [1]
  .text               ro code  0x08021c0c      0x4  startup_stm32l476xx.o [1]
  .text               ro code  0x08021c10      0x4  startup_stm32l476xx.o [1]
  .text               ro code  0x08021c14      0x4  startup_stm32l476xx.o [1]
  .text               ro code  0x08021c18      0x4  startup_stm32l476xx.o [1]
  .text               ro code  0x08021c1c      0x4  startup_stm32l476xx.o [1]
  .text               ro code  0x08021c20      0x4  startup_stm32l476xx.o [1]
  .text               ro code  0x08021c24      0x4  startup_stm32l476xx.o [1]
  .text               ro code  0x08021c28      0x4  startup_stm32l476xx.o [1]
  .text               ro code  0x08021c2c      0x4  startup_stm32l476xx.o [1]
  .text               ro code  0x08021c30      0x4  startup_stm32l476xx.o [1]
  .text               ro code  0x08021c34      0x4  startup_stm32l476xx.o [1]
  .text               ro code  0x08021c38      0x4  startup_stm32l476xx.o [1]
  .text               ro code  0x08021c3c      0x4  startup_stm32l476xx.o [1]
  .text               ro code  0x08021c40      0x4  startup_stm32l476xx.o [1]
  .text               ro code  0x08021c44      0x4  startup_stm32l476xx.o [1]
  .text               ro code  0x08021c48      0x4  startup_stm32l476xx.o [1]
  .text               ro code  0x08021c4c      0x4  startup_stm32l476xx.o [1]
  .text               ro code  0x08021c50      0x4  startup_stm32l476xx.o [1]
  .text               ro code  0x08021c54      0x4  startup_stm32l476xx.o [1]
  .text               ro code  0x08021c58      0x4  startup_stm32l476xx.o [1]
  .text               ro code  0x08021c5c      0x4  startup_stm32l476xx.o [1]
  .text               ro code  0x08021c60      0x4  startup_stm32l476xx.o [1]
  .text               ro code  0x08021c64      0x4  startup_stm32l476xx.o [1]
  .text               ro code  0x08021c68      0x4  startup_stm32l476xx.o [1]
  .text               ro code  0x08021c6c      0x4  startup_stm32l476xx.o [1]
  .text               ro code  0x08021c70      0x4  startup_stm32l476xx.o [1]
  .text               ro code  0x08021c74      0x4  startup_stm32l476xx.o [1]
  .text               ro code  0x08021c78      0x4  startup_stm32l476xx.o [1]
  .text               ro code  0x08021c7c      0x4  startup_stm32l476xx.o [1]
  .text               ro code  0x08021c80      0x4  startup_stm32l476xx.o [1]
  .text               ro code  0x08021c84      0x4  startup_stm32l476xx.o [1]
  .text               ro code  0x08021c88      0x4  startup_stm32l476xx.o [1]
  .text               ro code  0x08021c8c      0x4  startup_stm32l476xx.o [1]
  .text               ro code  0x08021c90      0x4  startup_stm32l476xx.o [1]
  .text               ro code  0x08021c94      0x4  startup_stm32l476xx.o [1]
  .text               ro code  0x08021c98      0x4  startup_stm32l476xx.o [1]
  .text               ro code  0x08021c9c      0x4  startup_stm32l476xx.o [1]
  .text               ro code  0x08021ca0      0x4  startup_stm32l476xx.o [1]
  .text               ro code  0x08021ca4      0x4  startup_stm32l476xx.o [1]
  .text               ro code  0x08021ca8      0x4  startup_stm32l476xx.o [1]
  .text               ro code  0x08021cac      0x4  startup_stm32l476xx.o [1]
  .text               ro code  0x08021cb0      0x4  startup_stm32l476xx.o [1]
  .text               ro code  0x08021cb4      0x0  cstart_closeall.o [7]
  .rodata             const    0x08021cb4      0x0  zero_init3.o [7]
  .rodata             const    0x08021cb4      0x0  lz77_init_single.o [7]
  Initializer bytes   const    0x08021cb4    0x539  <for P2-1>
                             - 0x080221ed  0x1e065

"P2", part 1 of 3:                          0x241c
  P2-1                         0x20000000   0x241c  <Init block>
    .data             inited   0x20000000    0xef0  osx_motion_fx.o [6]
    .data             inited   0x20000ef0    0x400  osx_motion_fx.o [6]
    .data             inited   0x200012f0    0x8d0  osx_motion_fx.o [6]
    .data             inited   0x20001bc0     0x34  HTS221_Driver_HL.o [1]
    .data             inited   0x20001bf4     0x34  HTS221_Driver_HL.o [1]
    .data             inited   0x20001c28     0x34  LPS22HB_Driver_HL.o [1]
    .data             inited   0x20001c5c     0x34  LPS22HB_Driver_HL.o [1]
    .data             inited   0x20001c90     0x50  LSM303AGR_ACC_driver_HL.o [1]
    .data             inited   0x20001ce0     0x48  LSM303AGR_MAG_driver_HL.o [1]
    .data             inited   0x20001d28     0x94  LSM6DSM_ACC_GYRO_driver_HL.o [1]
    .data             inited   0x20001dbc     0x50  LSM6DSM_ACC_GYRO_driver_HL.o [1]
    .data             inited   0x20001e0c     0x50  LSM6DSM_ACC_GYRO_driver_HL.o [1]
    .data             inited   0x20001e5c     0x5c  main.o [1]
    .data             inited   0x20001eb8      0x4  MetaDataManager.o [1]
    .data             inited   0x20001ebc      0x4  MetaDataManager.o [1]
    .data             inited   0x20001ec0    0x140  MetaDataManager.o [1]
    .data             inited   0x20002000     0xa8  MetaDataManager.o [1]
    .data             inited   0x200020a8     0x30  MotionFX_Manager.o [1]
    .data             inited   0x200020d8      0x4  SensorTile.o [1]
    .data             inited   0x200020dc      0x8  SensorTile.o [1]
    .data             inited   0x200020e4     0x5c  STC3115_Driver.o [1]
    .data             inited   0x20002140      0x4  system_stm32l4xx.o [1]
    .data             inited   0x20002144      0xc  usbd_cdc.o [1]
    .data             inited   0x20002150     0x38  usbd_cdc.o [1]
    .data             inited   0x20002188     0x44  usbd_cdc.o [1]
    .data             inited   0x200021cc     0x44  usbd_cdc.o [1]
    .data             inited   0x20002210     0x44  usbd_cdc.o [1]
    .data             inited   0x20002254      0x8  usbd_cdc_interface.o [1]
    .data             inited   0x2000225c     0x10  usbd_cdc_interface.o [1]
    .data             inited   0x2000226c     0x1c  usbd_desc.o [1]
    .data             inited   0x20002288     0x14  usbd_desc.o [1]
    .data             inited   0x2000229c      0x4  usbd_desc.o [1]
    .data             inited   0x200022a0     0x1c  usbd_desc.o [1]
    .data             inited   0x200022bc     0x40  xfiles.o [3]
    .data             inited   0x200022fc     0x40  xfiles.o [3]
    .data             inited   0x2000233c     0x40  xfiles.o [3]
    .data             inited   0x2000237c     0x20  xfiles.o [3]
    .data             inited   0x2000239c      0x8  XShttio.o [3]
    __DLIB_PERTHREAD  inited   0x200023a4      0x4  errno.o [3]
    __DLIB_PERTHREAD  inited   0x200023a8     0x74  setlocale.o [3]
                             - 0x2000241c   0x241c

"P2", part 2 of 3:                          0x8800
  CSTACK                       0x20002420   0x8000  <Block>
    CSTACK            uninit   0x20002420   0x8000  <Block tail>
  HEAP                         0x2000a420    0x800  <Block>
    HEAP              uninit   0x2000a420    0x800  <Block tail>
                             - 0x2000ac20   0x8800

"P2", part 3 of 3:                          0x364c
  .bss                zero     0x2000ac20   0x1000  MetaDataManager.o [1]
  .bss                zero     0x2000bc20    0x800  usbd_cdc_interface.o [1]
  .bss                zero     0x2000c420    0x800  usbd_cdc_interface.o [1]
  .bss                zero     0x2000cc20    0x3cc  usbd_conf.o [1]
  .bss                zero     0x2000cfec    0x2bc  hci.o [1]
  .bss                zero     0x2000d2a8    0x224  TargetPlatform.o [1]
  .bss                zero     0x2000d4cc     0x6c  SensorTile_gg.o [1]
  .bss                zero     0x2000d538    0x1e4  osx_motion_fx.o [6]
  .bss                zero     0x2000d71c    0x1d8  dlmalloc.o [3]
  .bss                zero     0x2000d8f4    0x120  SensorTile_audio_in.o [1]
  .bss                zero     0x2000da14    0x100  usbd_desc.o [1]
  .bss                zero     0x2000db14     0xa8  osxLibraryLocker100_CM4F_IAR.o [5]
  .bss                zero     0x2000dbbc     0x80  main.o [1]
  .bss                zero     0x2000dc3c     0x80  XShHandles.o [3]
  .bss                zero     0x2000dcbc     0x70  MotionFX_Manager.o [1]
  .bss                zero     0x2000dd2c     0x64  SensorTile.o [1]
  .bss                zero     0x2000dd90     0x64  SensorTile_BlueNRG.o [1]
  .bss                zero     0x2000ddf4     0x50  xfiles.o [3]
  .bss                zero     0x2000de44     0x50  xfiles.o [3]
  .bss                zero     0x2000de94     0x4c  SensorTile.o [1]
  .bss                zero     0x2000dee0     0x48  TargetPlatform.o [1]
  .bss                zero     0x2000df28     0x3c  main.o [1]
  .bss                zero     0x2000df64     0x3c  main.o [1]
  .bss                zero     0x2000dfa0     0x3c  main.o [1]
  .bss                zero     0x2000dfdc     0x3c  MotionFX_Manager.o [1]
  .bss                zero     0x2000e018     0x3c  usbd_cdc_interface.o [1]
  .bss                zero     0x2000e054     0x28  SensorTile_accelero.o [1]
  .bss                zero     0x2000e07c     0x28  SensorTile_temperature.o [1]
  .bss                zero     0x2000e0a4     0x24  MotionFX_Manager.o [1]
  .bss                zero     0x2000e0c8     0x1c  stm32l4xx_hal_flash.o [1]
  .bss                zero     0x2000e0e4     0x18  main.o [1]
  .bss                zero     0x2000e0fc     0x18  dlmalloc.o [3]
  .bss                zero     0x2000e114     0x14  SensorTile_gg.o [1]
  .bss                zero     0x2000e128     0x14  SensorTile_gyro.o [1]
  .bss                zero     0x2000e13c     0x14  SensorTile_humidity.o [1]
  .bss                zero     0x2000e150     0x14  SensorTile_magneto.o [1]
  .bss                zero     0x2000e164     0x14  SensorTile_pressure.o [1]
  .bss                zero     0x2000e178     0x10  SensorTile_accelero.o [1]
  .bss                zero     0x2000e188     0x10  SensorTile_temperature.o [1]
  .bss                zero     0x2000e198      0x8  hci.o [1]
  .bss                zero     0x2000e1a0      0x8  hci.o [1]
  .bss                zero     0x2000e1a8      0x8  LPS22HB_Driver_HL.o [1]
  .bss                zero     0x2000e1b0      0x8  SensorTile_accelero.o [1]
  .bss                zero     0x2000e1b8      0x8  SensorTile_accelero.o [1]
  .bss                zero     0x2000e1c0      0x8  SensorTile_gg.o [1]
  .bss                zero     0x2000e1c8      0x8  SensorTile_gyro.o [1]
  .bss                zero     0x2000e1d0      0x8  SensorTile_gyro.o [1]
  .bss                zero     0x2000e1d8      0x8  SensorTile_humidity.o [1]
  .bss                zero     0x2000e1e0      0x8  SensorTile_magneto.o [1]
  .bss                zero     0x2000e1e8      0x8  SensorTile_pressure.o [1]
  .bss                zero     0x2000e1f0      0x4  HTS221_Driver_HL.o [1]
  .bss                zero     0x2000e1f4      0x4  HWAdvanceFeatures.o [1]
  .bss                zero     0x2000e1f8      0x4  main.o [1]
  .bss                zero     0x2000e1fc      0x4  main.o [1]
  .bss                zero     0x2000e200      0x4  main.o [1]
  .bss                zero     0x2000e204      0x4  main.o [1]
  .bss                zero     0x2000e208      0x4  main.o [1]
  .bss                zero     0x2000e20c      0x4  main.o [1]
  .bss                zero     0x2000e210      0x4  MetaDataManager.o [1]
  .bss                zero     0x2000e214      0x4  MetaDataManager.o [1]
  .bss                zero     0x2000e218      0x4  MetaDataManager.o [1]
  .bss                zero     0x2000e21c      0x4  MotionFX_Manager.o [1]
  .bss                zero     0x2000e220      0x4  MotionFX_Manager.o [1]
  .bss                zero     0x2000e224      0x4  PeakCounter.o [1]
  .bss                zero     0x2000e228      0x4  PeakCounter.o [1]
  .bss                zero     0x2000e22c      0x4  PeakCounter.o [1]
  .bss                zero     0x2000e230      0x4  PeakCounter.o [1]
  .bss                zero     0x2000e234      0x4  PeakCounter.o [1]
  .bss                zero     0x2000e238      0x4  SensorTile_humidity.o [1]
  .bss                zero     0x2000e23c      0x4  SensorTile_magneto.o [1]
  .bss                zero     0x2000e240      0x4  SensorTile_pressure.o [1]
  .bss                zero     0x2000e244      0x4  SensorTile_temperature.o [1]
  .bss                zero     0x2000e248      0x4  SensorTile_temperature.o [1]
  .bss                zero     0x2000e24c      0x4  stm32l4xx_hal.o [1]
  .bss                zero     0x2000e250      0x4  usbd_cdc_interface.o [1]
  .bss                zero     0x2000e254      0x4  usbd_cdc_interface.o [1]
  .bss                zero     0x2000e258      0x4  osx_motion_fx.o [6]
  .bss                zero     0x2000e25c      0x4  osxLibraryLocker100_CM4F_IAR.o [5]
  .bss                zero     0x2000e260      0x4  xgetmemchunk.o [3]
  .bss                zero     0x2000e264      0x2  LSM303AGR_ACC_driver_HL.o [1]
  .bss                zero     0x2000e266      0x2  LSM6DSM_ACC_GYRO_driver_HL.o [1]
  .bss                zero     0x2000e268      0x1  main.o [1]
  .bss                zero     0x2000e269      0x1  usbd_cdc.o [1]
  .bss                zero     0x2000e26a      0x1  usbd_ctlreq.o [1]
                             - 0x2000e26b   0x364b


*******************************************************************************
*** INIT TABLE
***

          Address     Size
          -------     ----
Zero (__iar_zero_init3)
    1 destination range, total size 0x364b:
          0x2000ac20  0x364b

Copy/lz77 (__iar_lz77_init_single3)
    1 source range, total size 0x539 (14% of destination):
          0x08021cb4   0x539
    1 destination range, total size 0x241c:
          0x20000000  0x241c



*******************************************************************************
*** MODULE SUMMARY
***

    Module                          ro code  ro data  rw data
    ------                          -------  -------  -------
D:\2.tempPjt\171.SensorTile Drum set\6.git AirDrum\AirDrum\1.SensorTile\BlueMicrosystem2_V2.2.0\Projects\Multi\Applications\BlueMicrosystem2\EWARM\STM32L476RG-SensorTile\STM32L476RG_SENSORTILE\Obj: [1]
    HTS221_Driver.o                   1 176      192
    HTS221_Driver_HL.o                1 506       15      108
    HWAdvanceFeatures.o                  28                 4
    LPS22HB_Driver.o                    920
    LPS22HB_Driver_HL.o               1 902       15      112
    LSM303AGR_ACC_driver.o            1 326       96
    LSM303AGR_ACC_driver_HL.o         2 344       16       82
    LSM303AGR_MAG_driver.o              508
    LSM303AGR_MAG_driver_HL.o           984       10       72
    LSM6DSM_ACC_GYRO_driver.o         3 758
    LSM6DSM_ACC_GYRO_driver_HL.o      6 570       45      310
    MetaDataManager.o                 2 340      748    4 604
    MotionFX_Manager.o                  760       91      264
    PeakCounter.o                       196                20
    STC3115_Driver.o                  2 458       78       92
    SensorTile.o                      2 524        9      188
    SensorTile_BlueNRG.o              1 280       24      100
    SensorTile_accelero.o               904                72
    SensorTile_audio_in.o                                 288
    SensorTile_gg.o                     212               136
    SensorTile_gyro.o                   420                36
    SensorTile_humidity.o               312                32
    SensorTile_magneto.o                420                32
    SensorTile_pressure.o               408                32
    SensorTile_temperature.o            652                64
    TargetPlatform.o                  1 600      704      620
    ble_list.o                          238
    bluenrg_gap_aci.o                   790
    bluenrg_gatt_aci.o                   60
    bluenrg_hal_aci.o                   198
    bluenrg_utils.o                      96
    gp_timer.o                           46
    hci.o                             1 172               716
    main.o                            2 256      221      449
    osal.o                               44
    sensor_service.o                     42
    startup_stm32l476xx.o               700
    stm32l4xx_hal.o                      92                 4
    stm32l4xx_hal_cortex.o              356
    stm32l4xx_hal_dma.o                 224
    stm32l4xx_hal_flash.o               700                28
    stm32l4xx_hal_flash_ex.o            508
    stm32l4xx_hal_gpio.o                624
    stm32l4xx_hal_i2c.o               2 036
    stm32l4xx_hal_msp.o                 280
    stm32l4xx_hal_pcd.o               3 072
    stm32l4xx_hal_pcd_ex.o              174
    stm32l4xx_hal_pwr.o                  20
    stm32l4xx_hal_pwr_ex.o               56
    stm32l4xx_hal_rcc.o               2 664
    stm32l4xx_hal_rcc_ex.o            2 096
    stm32l4xx_hal_spi.o               1 382
    stm32l4xx_hal_tim.o               1 988
    stm32l4xx_hal_tim_ex.o                4
    stm32l4xx_it.o                      128
    stm32l4xx_ll_usb.o                3 104
    system_stm32l4xx.o                  108       64        4
    usbd_cdc.o                          698       40      273
    usbd_cdc_interface.o                500        3    4 188
    usbd_conf.o                         626               972
    usbd_core.o                         854
    usbd_ctlreq.o                     1 634                 1
    usbd_desc.o                         288       96      336
    usbd_ioreq.o                        188
    ---------------------------------------------------------
    Total:                           65 554    2 467   14 239

command line: [2]
    ---------------------------------------------------------
    Total:

dl7M_tlf.a: [3]
    XShHandles.o                        204               128
    XShttio.o                             8        1        8
    abort.o                               6
    dlmalloc.o                        5 364               496
    errno.o                              12        1        4
    exit.o                                4
    fclose.o                            122
    fflush.o                            176
    fputc.o                              86
    fseek.o                              34
    low_level_init.o                      4
    printf.o                             36
    putchar.o                            12
    setlocale.o                          20       17      116
    sprintf.o                            52
    xcloseall.o                          88
    xencoding_sb.o                       96
    xfgpos.o                             10
    xfiles.o                                      32      384
    xfofind.o                           128
    xfspos.o                            214
    xfwprep.o                           184
    xgetmemchunk.o                       44                 4
    xmbcurmax.o                          10
    xmbtowc.o                            32
    xprintfsmall.o                    1 988
    xprout.o                             22
    xsprout.o                            10
    xsyslock_nop.o                        4
    xtls.o                                2
    xwctomb.o                            26
    ---------------------------------------------------------
    Total:                            8 998       51    1 140

m7M_tls.a: [4]
    DblAdd.o                            232
    DblCmpEq.o                           32
    DblCmpGe.o                           46
    DblCmpLe.o                           46
    DblDiv.o                            598
    DblMul.o                            418
    DblSub.o                            384
    DblToFlt.o                          144
    DblToI32.o                           76
    FltToDbl.o                           78
    I32ToDbl.o                           48
    asin.o                              304
    atan2.o                             244
    floor.o                             110
    fmax.o                              104
    fpinit_M.o                           34
    sqrt.o                              256
    xatan.o                             496
    xdtest.o                             64
    ---------------------------------------------------------
    Total:                            3 714

osxBlueVoice200_CM4F_IAR_ot.a: [5]
    osxLibraryLocker100_CM4F_IAR.o      708               172
    ---------------------------------------------------------
    Total:                              708               172

osxMotionFX107_CM4_IAR_ot.a: [6]
    osx_motion_fx.o                  38 880    1 411    7 592
    ---------------------------------------------------------
    Total:                           38 880    1 411    7 592

rt7M_tl.a: [7]
    ABImemclr.o                           6
    ABImemclr4.o                          6
    ABImemcpy_unaligned.o               118
    ABImemset.o                         102
    ABImemset48.o                        58
    I64DivMod.o                         306
    I64DivZer.o                           2
    cexit.o                              14
    cmain.o                              26
    cstart_closeall.o
    cstartup_M.o                         12
    data_init.o                          40
    iarEdom.o                            12
    lz77_init_single.o                  120
    memchr.o                             88
    strchr.o                             22
    strcpy_unaligned.o                   68
    strlen.o                             54
    zero_init3.o                         64
    ---------------------------------------------------------
    Total:                            1 118

shb_l.a: [8]
    close.o                              26
    dwrite.o                             30
    exit.o                               20
    iarttio.o                           108
    iarwrite.o                           34
    iarwstd.o                            32
    lseek.o                              76
    remove.o                             22
    write.o                              16
    ---------------------------------------------------------
    Total:                              364

    Gaps                                 66       10
    Linker created                                32   34 816
-------------------------------------------------------------
    Grand Total:                    119 402    3 971   57 959


*******************************************************************************
*** ENTRY LIST
***

Entry                      Address    Size  Type      Object
-----                      -------    ----  ----      ------
.iar.init_table$$Base   0x080216c8           --   Gb  - Linker created -
.iar.init_table$$Limit  0x080216e8           --   Gb  - Linker created -
?main                   0x08021929          Code  Gb  cmain.o [7]
ACCELERO_Data           0x2000e178    0x10  Data  Lc  SensorTile_accelero.o [1]
ACCELERO_SensorHandle   0x2000e054    0x28  Data  Lc  SensorTile_accelero.o [1]
AHBPrescTable           0x08021afc    0x10  Data  Gb  system_stm32l4xx.o [1]
BNRG_SPI_Init           0x08014359    0x58  Code  Gb  SensorTile_BlueNRG.o [1]
BSP_ACCELERO_Get_AxesRaw
                        0x08016255    0x3c  Code  Gb  SensorTile_accelero.o [1]
BSP_ACCELERO_Get_ODR    0x080162cd    0x3c  Code  Gb  SensorTile_accelero.o [1]
BSP_ACCELERO_Get_Sensitivity
                        0x08016291    0x3c  Code  Gb  SensorTile_accelero.o [1]
BSP_ACCELERO_Init       0x08015fc1    0x50  Code  Gb  SensorTile_accelero.o [1]
BSP_ACCELERO_Sensor_Enable
                        0x08016225    0x30  Code  Gb  SensorTile_accelero.o [1]
BSP_ACCELERO_Set_FS_Value
                        0x08016309    0x40  Code  Gb  SensorTile_accelero.o [1]
BSP_GG_Init             0x0801847d    0xc2  Code  Gb  SensorTile_gg.o [1]
BSP_GYRO_Get_Axes       0x08016e15    0x3c  Code  Gb  SensorTile_gyro.o [1]
BSP_GYRO_Init           0x08016cad    0x32  Code  Gb  SensorTile_gyro.o [1]
BSP_GYRO_Sensor_Enable  0x08016de5    0x30  Code  Gb  SensorTile_gyro.o [1]
BSP_HTS221_HUMIDITY_Init
                        0x08018583    0xc2  Code  Lc  SensorTile_humidity.o [1]
BSP_HTS221_TEMPERATURE_Init
                        0x080187f9    0xc2  Code  Lc  SensorTile_temperature.o [1]
BSP_HUMIDITY_Init       0x08018551    0x32  Code  Gb  SensorTile_humidity.o [1]
BSP_HUMIDITY_Sensor_Enable
                        0x08018659    0x30  Code  Gb  SensorTile_humidity.o [1]
BSP_LED_Init            0x08011521    0x9c  Code  Gb  SensorTile.o [1]
BSP_LED_Off             0x08011609    0x4c  Code  Gb  SensorTile.o [1]
BSP_LED_On              0x080115bd    0x4c  Code  Gb  SensorTile.o [1]
BSP_LPS22HB_PRESSURE_Init
                        0x08018947   0x120  Code  Lc  SensorTile_pressure.o [1]
BSP_LPS22HB_TEMPERATURE_Init
                        0x080186d9   0x120  Code  Lc  SensorTile_temperature.o [1]
BSP_LSM303AGR_ACCELERO_Init
                        0x08016107    0xf2  Code  Lc  SensorTile_accelero.o [1]
BSP_LSM303AGR_MAGNETO_Init
                        0x08016b3b    0xf2  Code  Lc  SensorTile_magneto.o [1]
BSP_LSM6DSM_ACCELERO_Init
                        0x08016011    0xf6  Code  Lc  SensorTile_accelero.o [1]
BSP_LSM6DSM_GYRO_Init   0x08016cdf    0xf2  Code  Lc  SensorTile_gyro.o [1]
BSP_MAGNETO_Get_Axes    0x08016c71    0x3c  Code  Gb  SensorTile_magneto.o [1]
BSP_MAGNETO_Init        0x08016b09    0x32  Code  Gb  SensorTile_magneto.o [1]
BSP_MAGNETO_Sensor_Enable
                        0x08016c41    0x30  Code  Gb  SensorTile_magneto.o [1]
BSP_PRESSURE_Init       0x08018915    0x32  Code  Gb  SensorTile_pressure.o [1]
BSP_PRESSURE_Sensor_Enable
                        0x08018a7d    0x30  Code  Gb  SensorTile_pressure.o [1]
BSP_TEMPERATURE_Init    0x08018689    0x50  Code  Gb  SensorTile_temperature.o [1]
BSP_TEMPERATURE_Sensor_Enable
                        0x080188e5    0x30  Code  Gb  SensorTile_temperature.o [1]
Beacon_Init             0x08013fb9    0xc2  Code  Gb  main.o [1]
BlueNRG_DataPresent     0x080143d5    0x16  Code  Gb  SensorTile_BlueNRG.o [1]
BlueNRG_Init            0x08013f1d    0x9c  Code  Gb  main.o [1]
BlueNRG_RST             0x080143b1    0x24  Code  Gb  SensorTile_BlueNRG.o [1]
BlueNRG_SPI_Read_All    0x080143eb    0xce  Code  Gb  SensorTile_BlueNRG.o [1]
BlueNRG_SPI_Write       0x080144b9    0xe8  Code  Gb  SensorTile_BlueNRG.o [1]
BusFault_Handler        0x08021007     0x2  Code  Gb  stm32l4xx_it.o [1]
CDC_Fill_Buffer         0x08015a13    0x32  Code  Gb  usbd_cdc_interface.o [1]
CDC_Itf_Control         0x08015973    0xa0  Code  Lc  usbd_cdc_interface.o [1]
CDC_Itf_DeInit          0x0801596f     0x4  Code  Lc  usbd_cdc_interface.o [1]
CDC_Itf_Init            0x0801591d    0x52  Code  Lc  usbd_cdc_interface.o [1]
CDC_Itf_Receive         0x08015ab5     0x6  Code  Lc  usbd_cdc_interface.o [1]
CDC_TIM_Config          0x08015abb    0x32  Code  Lc  usbd_cdc_interface.o [1]
CDC_TIM_PeriodElapsedCallback
                        0x08015a45    0x70  Code  Gb  usbd_cdc_interface.o [1]
CSTACK$$Base            0x20002420           --   Gb  - Linker created -
CSTACK$$Limit           0x2000a420           --   Gb  - Linker created -
CalculateStdDev         0x08005221   0x3aa  Code  Lc  osx_motion_fx.o [6]
Calibration_Goodness    0x080050b1   0x166  Code  Lc  osx_motion_fx.o [6]
Clear_SPI_EXTI_Flag     0x0801462b     0x8  Code  Gb  SensorTile_BlueNRG.o [1]
ComputeQuaternions      0x08013aa9   0x1d0  Code  Lc  main.o [1]
ComputeQuaternions::CounterEC
                        0x2000e20c     0x4  Data  Lc  main.o [1]
ComputeQuaternions::CounterFX
                        0x2000e208     0x4  Data  Lc  main.o [1]
ConnectionBleStatus     0x2000e200     0x4  Data  Gb  main.o [1]
DMA1_Channel4_IRQHandler
                        0x08021037     0xa  Code  Gb  stm32l4xx_it.o [1]
DebugMon_Handler        0x0802100d     0x2  Code  Gb  stm32l4xx_it.o [1]
DefaultAccODR           0x2000e1f4     0x4  Data  Lc  HWAdvanceFeatures.o [1]
Disable_SPI_IRQ         0x08014621     0xa  Code  Gb  SensorTile_BlueNRG.o [1]
EXTI2_IRQHandler        0x0802104b     0xa  Code  Gb  stm32l4xx_it.o [1]
EXTI9_5_IRQHandler      0x08021041     0xa  Code  Gb  stm32l4xx_it.o [1]
Enable_SPI_IRQ          0x08014617     0xa  Code  Gb  SensorTile_BlueNRG.o [1]
EraseMetaDataManager    0x08015433    0x28  Code  Gb  MetaDataManager.o [1]
Error_Handler           0x08013e1d     0x2  Code  Gb  main.o [1]
FLASH_FlushCaches       0x08018eb9    0x96  Code  Gb  stm32l4xx_hal_flash_ex.o [1]
FLASH_MassErase         0x08018e23    0x3a  Code  Lc  stm32l4xx_hal_flash_ex.o [1]
FLASH_PageErase         0x08018e5d    0x5c  Code  Gb  stm32l4xx_hal_flash_ex.o [1]
FLASH_Program_DoubleWord
                        0x08018d05    0x18  Code  Lc  stm32l4xx_hal_flash.o [1]
FLASH_Program_Fast      0x08018d1d    0x30  Code  Lc  stm32l4xx_hal_flash.o [1]
FLASH_SetErrorCode      0x08018c13    0xf2  Code  Lc  stm32l4xx_hal_flash.o [1]
FLASH_WaitForLastOperation
                        0x08018b7d    0x96  Code  Gb  stm32l4xx_hal_flash.o [1]
GG_Data                 0x2000e1c0     0x8  Data  Lc  SensorTile_gg.o [1]
GG_SensorHandle         0x2000e114    0x14  Data  Lc  SensorTile_gg.o [1]
GPIO_PIN                0x08021b64     0x8  Data  Gb  SensorTile.o [1]
GPIO_PORT               0x200020dc     0x8  Data  Gb  SensorTile.o [1]
GYRO_Data               0x2000e1c8     0x8  Data  Lc  SensorTile_gyro.o [1]
GYRO_SensorHandle       0x2000e128    0x14  Data  Lc  SensorTile_gyro.o [1]
GetBank                 0x08014b2d    0x78  Code  Lc  TargetPlatform.o [1]
GetPage                 0x08014ac9    0x64  Code  Lc  TargetPlatform.o [1]
Get_SerialNum           0x08020967    0x30  Code  Lc  usbd_desc.o [1]
HAL_DMA_IRQHandler      0x08020a11    0xe0  Code  Gb  stm32l4xx_hal_dma.o [1]
HAL_Delay               0x08013dff    0x1e  Code  Gb  main.o [1]
HAL_FLASHEx_Erase       0x08018d69    0xba  Code  Gb  stm32l4xx_hal_flash_ex.o [1]
HAL_FLASH_Lock          0x08018b6d    0x10  Code  Gb  stm32l4xx_hal_flash.o [1]
HAL_FLASH_Program       0x08018aad    0xa4  Code  Gb  stm32l4xx_hal_flash.o [1]
HAL_FLASH_Unlock        0x08018b51    0x1c  Code  Gb  stm32l4xx_hal_flash.o [1]
HAL_GPIO_EXTI_Callback  0x08013e1f    0x18  Code  Gb  main.o [1]
HAL_GPIO_EXTI_IRQHandler
                        0x08012151    0x1e  Code  Gb  stm32l4xx_hal_gpio.o [1]
HAL_GPIO_Init           0x08011f35   0x1f2  Code  Gb  stm32l4xx_hal_gpio.o [1]
HAL_GPIO_ReadPin        0x08012127    0x18  Code  Gb  stm32l4xx_hal_gpio.o [1]
HAL_GPIO_WritePin       0x0801213f    0x12  Code  Gb  stm32l4xx_hal_gpio.o [1]
HAL_GetTick             0x08014665     0xc  Code  Wk  stm32l4xx_hal.o [1]
HAL_I2C_DeInit          0x08012937    0x42  Code  Gb  stm32l4xx_hal_i2c.o [1]
HAL_I2C_GetState        0x08012d35     0x6  Code  Gb  stm32l4xx_hal_i2c.o [1]
HAL_I2C_Init            0x08012871    0xc6  Code  Gb  stm32l4xx_hal_i2c.o [1]
HAL_I2C_Mem_Read        0x08012b59   0x1dc  Code  Gb  stm32l4xx_hal_i2c.o [1]
HAL_I2C_Mem_Write       0x08012979   0x1da  Code  Gb  stm32l4xx_hal_i2c.o [1]
HAL_I2C_MspDeInit       0x08014671     0x2  Code  Wk  stm32l4xx_hal_i2c.o [1]
HAL_I2C_MspInit         0x08013061     0x2  Code  Wk  stm32l4xx_hal_i2c.o [1]
HAL_IncTick             0x08021081    0x10  Code  Wk  stm32l4xx_hal.o [1]
HAL_Init                0x08014675    0x16  Code  Gb  stm32l4xx_hal.o [1]
HAL_InitTick            0x08017e41    0x28  Code  Wk  stm32l4xx_hal.o [1]
HAL_MspInit             0x0801468b     0x2  Code  Wk  stm32l4xx_hal.o [1]
HAL_NVIC_DisableIRQ     0x08012831     0xe  Code  Gb  stm32l4xx_hal_cortex.o [1]
HAL_NVIC_EnableIRQ      0x08012823     0xe  Code  Gb  stm32l4xx_hal_cortex.o [1]
HAL_NVIC_SetPriority    0x080127fd    0x26  Code  Gb  stm32l4xx_hal_cortex.o [1]
HAL_NVIC_SetPriorityGrouping
                        0x080127f1     0xc  Code  Gb  stm32l4xx_hal_cortex.o [1]
HAL_PCDEx_ActivateBCD   0x0801c8fb    0x16  Code  Gb  stm32l4xx_hal_pcd_ex.o [1]
HAL_PCDEx_ActivateLPM   0x0801c8d3    0x28  Code  Gb  stm32l4xx_hal_pcd_ex.o [1]
HAL_PCDEx_LPM_Callback  0x0801c911     0x2  Code  Wk  stm32l4xx_hal_pcd_ex.o [1]
HAL_PCDEx_SetRxFiFo     0x0801c8c7     0xc  Code  Gb  stm32l4xx_hal_pcd_ex.o [1]
HAL_PCDEx_SetTxFiFo     0x0801c865    0x62  Code  Gb  stm32l4xx_hal_pcd_ex.o [1]
HAL_PCD_ConnectCallback
                        0x08019a53     0xe  Code  Gb  usbd_conf.o [1]
HAL_PCD_DataInStageCallback
                        0x080199c9    0x20  Code  Gb  usbd_conf.o [1]
HAL_PCD_DataOutStageCallback
                        0x080199a7    0x22  Code  Gb  usbd_conf.o [1]
HAL_PCD_DisconnectCallback
                        0x08019a61     0xe  Code  Gb  usbd_conf.o [1]
HAL_PCD_EP_Close        0x0801c541    0x66  Code  Gb  stm32l4xx_hal_pcd.o [1]
HAL_PCD_EP_ClrStall     0x0801c733    0x68  Code  Gb  stm32l4xx_hal_pcd.o [1]
HAL_PCD_EP_GetRxCount   0x0801c625    0x14  Code  Gb  stm32l4xx_hal_pcd.o [1]
HAL_PCD_EP_Open         0x0801c4bd    0x84  Code  Gb  stm32l4xx_hal_pcd.o [1]
HAL_PCD_EP_Receive      0x0801c5a7    0x7e  Code  Gb  stm32l4xx_hal_pcd.o [1]
HAL_PCD_EP_SetStall     0x0801c6b3    0x80  Code  Gb  stm32l4xx_hal_pcd.o [1]
HAL_PCD_EP_Transmit     0x0801c639    0x7a  Code  Gb  stm32l4xx_hal_pcd.o [1]
HAL_PCD_IRQHandler      0x0801bdf1   0x66e  Code  Gb  stm32l4xx_hal_pcd.o [1]
HAL_PCD_ISOINIncompleteCallback
                        0x08019a3f    0x14  Code  Gb  usbd_conf.o [1]
HAL_PCD_ISOOUTIncompleteCallback
                        0x08019a2b    0x14  Code  Gb  usbd_conf.o [1]
HAL_PCD_Init            0x0801bc65   0x160  Code  Gb  stm32l4xx_hal_pcd.o [1]
HAL_PCD_MspInit         0x0801986d    0x6a  Code  Gb  stm32l4xx_hal_msp.o [1]
HAL_PCD_ResetCallback   0x080199f7    0x18  Code  Gb  usbd_conf.o [1]
HAL_PCD_ResumeCallback  0x08019a1d     0xe  Code  Gb  usbd_conf.o [1]
HAL_PCD_SOFCallback     0x080199e9     0xe  Code  Gb  usbd_conf.o [1]
HAL_PCD_SetAddress      0x0801c48d    0x30  Code  Gb  stm32l4xx_hal_pcd.o [1]
HAL_PCD_SetupStageCallback
                        0x08019991    0x16  Code  Gb  usbd_conf.o [1]
HAL_PCD_Start           0x0801bdc5    0x2c  Code  Gb  stm32l4xx_hal_pcd.o [1]
HAL_PCD_SuspendCallback
                        0x08019a0f     0xe  Code  Gb  usbd_conf.o [1]
HAL_PWREx_EnableVddIO2  0x08011f1b    0x12  Code  Gb  stm32l4xx_hal_pwr_ex.o [1]
HAL_PWREx_EnableVddUSB  0x08011f09    0x12  Code  Gb  stm32l4xx_hal_pwr_ex.o [1]
HAL_PWREx_GetVoltageRange
                        0x08011efd     0xc  Code  Gb  stm32l4xx_hal_pwr_ex.o [1]
HAL_PWR_EnableBkUpAccess
                        0x08016f1d     0xe  Code  Gb  stm32l4xx_hal_pwr.o [1]
HAL_RCCEx_DisableLSECSS
                        0x080134e9    0x1e  Code  Gb  stm32l4xx_hal_rcc_ex.o [1]
HAL_RCCEx_EnableMSIPLLMode
                        0x0801350d    0x12  Code  Gb  stm32l4xx_hal_rcc_ex.o [1]
HAL_RCCEx_PeriphCLKConfig
                        0x08013065   0x470  Code  Gb  stm32l4xx_hal_rcc_ex.o [1]
HAL_RCC_ClockConfig     0x08017579   0x1e6  Code  Gb  stm32l4xx_hal_rcc.o [1]
HAL_RCC_GetHCLKFreq     0x080178bb     0x6  Code  Gb  stm32l4xx_hal_rcc.o [1]
HAL_RCC_GetSysClockFreq
                        0x0801775f   0x15c  Code  Gb  stm32l4xx_hal_rcc.o [1]
HAL_RCC_OscConfig       0x08016f31   0x648  Code  Gb  stm32l4xx_hal_rcc.o [1]
HAL_SPI_GetState        0x08012575     0x6  Code  Gb  stm32l4xx_hal_spi.o [1]
HAL_SPI_Init            0x080121a5    0xd8  Code  Gb  stm32l4xx_hal_spi.o [1]
HAL_SPI_MspInit         0x08014165   0x1bc  Code  Gb  SensorTile_BlueNRG.o [1]
HAL_SPI_TransmitReceive
                        0x0801227d   0x2f8  Code  Gb  stm32l4xx_hal_spi.o [1]
HAL_SYSTICK_Config      0x0801283f     0xc  Code  Gb  stm32l4xx_hal_cortex.o [1]
HAL_TIMEx_BreakCallback
                        0x08019989     0x2  Code  Wk  stm32l4xx_hal_tim_ex.o [1]
HAL_TIMEx_CommutationCallback
                        0x0801998d     0x2  Code  Wk  stm32l4xx_hal_tim_ex.o [1]
HAL_TIM_Base_Init       0x08016349    0x38  Code  Gb  stm32l4xx_hal_tim.o [1]
HAL_TIM_Base_MspInit    0x080198d7    0x6a  Code  Gb  stm32l4xx_hal_msp.o [1]
HAL_TIM_Base_Start_IT   0x08016381    0x1e  Code  Gb  stm32l4xx_hal_tim.o [1]
HAL_TIM_IC_CaptureCallback
                        0x08019985     0x2  Code  Wk  stm32l4xx_hal_tim.o [1]
HAL_TIM_IRQHandler      0x080164a1   0x176  Code  Gb  stm32l4xx_hal_tim.o [1]
HAL_TIM_OC_ConfigChannel
                        0x08016617    0x88  Code  Gb  stm32l4xx_hal_tim.o [1]
HAL_TIM_OC_DelayElapsedCallback
                        0x08013a65    0x28  Code  Gb  main.o [1]
HAL_TIM_OC_Init         0x0801639f    0x38  Code  Gb  stm32l4xx_hal_tim.o [1]
HAL_TIM_OC_MspInit      0x08019941    0x30  Code  Gb  stm32l4xx_hal_msp.o [1]
HAL_TIM_OC_Start_IT     0x080163d7    0xb6  Code  Gb  stm32l4xx_hal_tim.o [1]
HAL_TIM_PWM_PulseFinishedCallback
                        0x08019987     0x2  Code  Wk  stm32l4xx_hal_tim.o [1]
HAL_TIM_PeriodElapsedCallback
                        0x08013a8d    0x1c  Code  Gb  main.o [1]
HAL_TIM_ReadCapturedValue
                        0x0801669f    0x54  Code  Gb  stm32l4xx_hal_tim.o [1]
HAL_TIM_TriggerCallback
                        0x0801998b     0x2  Code  Wk  stm32l4xx_hal_tim.o [1]
HCI_Event_CB            0x08019817    0x2a  Code  Gb  sensor_service.o [1]
HCI_Init                0x08015b11    0x38  Code  Gb  hci.o [1]
HCI_Isr                 0x08015bc5    0x76  Code  Gb  hci.o [1]
HCI_Process             0x08015b6d    0x4e  Code  Gb  hci.o [1]
HCI_Queue_Empty         0x08015bbb     0xa  Code  Gb  hci.o [1]
HCI_verify              0x08015b49    0x24  Code  Gb  hci.o [1]
HEAP$$Base              0x2000a420           --   Gb  - Linker created -
HEAP$$Limit             0x2000ac20           --   Gb  - Linker created -
HTS221_Activate         0x0801ffe5    0x3e  Code  Gb  HTS221_Driver.o [1]
HTS221_Check_WhoAmI     0x0801fafb    0x2e  Code  Lc  HTS221_Driver_HL.o [1]
HTS221_Combo_Data       0x2000e1f0     0x4  Data  Gb  HTS221_Driver_HL.o [1]
HTS221_DeActivate       0x08020023    0x3e  Code  Gb  HTS221_Driver.o [1]
HTS221_Get_DataStatus   0x0801ffaf    0x36  Code  Gb  HTS221_Driver.o [1]
HTS221_Get_DeviceID     0x0801fd2d    0x1e  Code  Gb  HTS221_Driver.o [1]
HTS221_Get_Hum          0x0801fb29    0x38  Code  Lc  HTS221_Driver_HL.o [1]
HTS221_Get_Humidity     0x0801fd4d   0x130  Code  Gb  HTS221_Driver.o [1]
HTS221_Get_ODR          0x0801fb99    0x50  Code  Lc  HTS221_Driver_HL.o [1]
HTS221_Get_Odr          0x0802012d    0x30  Code  Gb  HTS221_Driver.o [1]
HTS221_Get_Temp         0x0801fb61    0x38  Code  Lc  HTS221_Driver_HL.o [1]
HTS221_Get_Temperature  0x0801fe81   0x12e  Code  Gb  HTS221_Driver.o [1]
HTS221_Get_WhoAmI       0x0801fae1    0x1a  Code  Lc  HTS221_Driver_HL.o [1]
HTS221_H_0_Data         0x2000e238     0x4  Data  Lc  SensorTile_humidity.o [1]
HTS221_H_Check_WhoAmI   0x0801f7e1     0xc  Code  Lc  HTS221_Driver_HL.o [1]
HTS221_H_DeInit         0x0801f72d    0x30  Code  Lc  HTS221_Driver_HL.o [1]
HTS221_H_Drv            0x20001bc0    0x34  Data  Gb  HTS221_Driver_HL.o [1]
HTS221_H_Get_DRDY_Status
                        0x0801f87d    0x3a  Code  Lc  HTS221_Driver_HL.o [1]
HTS221_H_Get_Hum        0x0801f7ed    0x10  Code  Lc  HTS221_Driver_HL.o [1]
HTS221_H_Get_ODR        0x0801f7fd    0x10  Code  Lc  HTS221_Driver_HL.o [1]
HTS221_H_Get_WhoAmI     0x0801f7d1    0x10  Code  Lc  HTS221_Driver_HL.o [1]
HTS221_H_Init           0x0801f6fd    0x30  Code  Lc  HTS221_Driver_HL.o [1]
HTS221_H_Read_Reg       0x0801f83b    0x20  Code  Lc  HTS221_Driver_HL.o [1]
HTS221_H_Sensor_Disable
                        0x0801f797    0x3a  Code  Lc  HTS221_Driver_HL.o [1]
HTS221_H_Sensor_Enable  0x0801f75d    0x3a  Code  Lc  HTS221_Driver_HL.o [1]
HTS221_H_Set_ODR        0x0801f80d    0x12  Code  Lc  HTS221_Driver_HL.o [1]
HTS221_H_Set_ODR_Value  0x0801f81f    0x1c  Code  Lc  HTS221_Driver_HL.o [1]
HTS221_H_Write_Reg      0x0801f85b    0x22  Code  Lc  HTS221_Driver_HL.o [1]
HTS221_Init             0x0801fa71    0x44  Code  Lc  HTS221_Driver_HL.o [1]
[...]
__iar_Stdin             0x200022bc    0x40  Data  Gb  xfiles.o [3]
__iar_Stdout            0x200022fc    0x40  Data  Gb  xfiles.o [3]
__iar_Strchr            0x0801bbd1          Code  Gb  strchr.o [7]
__iar_Unlockfilelock    0x08020cd1     0x2  Code  Gb  xsyslock_nop.o [3]
__iar_close_ttio        0x0801d5ed    0x2e  Code  Gb  iarttio.o [8]
__iar_d2uiz             0x0800e655          Code  Gb  DblToI32.o [4]
__iar_dadd              0x0800de1d          Code  Gb  DblAdd.o [4]
__iar_data_init3        0x08021581    0x28  Code  Gb  data_init.o [7]
__iar_dlfree            0x0801b2f7   0x51a  Code  Gb  dlmalloc.o [3]
__iar_dlib_perthread_access
                        0x0800ecc3     0x2  Code  Gb  xtls.o [3]
__iar_dlmalloc          0x0801b041   0x2aa  Code  Gb  dlmalloc.o [3]
__iar_dsub              0x0800df05          Code  Gb  DblSub.o [4]
__iar_dsubStart         0x0800df17          Code  Gb  DblSub.o [4]
__iar_edom              0x0800e9a9          Code  Gb  iarEdom.o [7]
__iar_floor             0x0800e5c9          Code  Gb  floor.o [4]
__iar_floorl            0x0800e5c9          Code  Gb  floor.o [4]
__iar_get_ttio          0x0801d61d    0x38  Code  Gb  iarttio.o [8]
__iar_init_vfp          0x080216a5          Code  Gb  fpinit_M.o [4]
__iar_lookup_ttioh      0x0801d659     0x8  Code  Gb  XShttio.o [3]
__iar_lz77_init_single3
                        0x080211bb    0x78  Code  Gb  lz77_init_single.o [7]
__iar_program_start     0x08021b39          Code  Gb  cstartup_M.o [7]
__iar_sh_Discard        0x08020ce5    0x3e  Code  Gb  XShHandles.o [3]
__iar_sh_Move           0x08020d29    0x46  Code  Gb  XShHandles.o [3]
__iar_sh_Pos            0x08020d6f    0x3e  Code  Gb  XShHandles.o [3]
__iar_sh_stdout         0x08020dcf    0x20  Code  Gb  iarwstd.o [8]
__iar_sh_write          0x08020def    0x22  Code  Gb  iarwrite.o [8]
__iar_sqrt              0x0800d9d1          Code  Gb  sqrt.o [4]
__iar_ttio_handles      0x2000239c     0x8  Data  Lc  XShttio.o [3]
__iar_ui2d              0x0800db99          Code  Gb  I32ToDbl.o [4]
__iar_unaligned___aeabi_memcpy
                        0x0800e4e5          Code  Gb  ABImemcpy_unaligned.o [7]
__iar_unaligned___aeabi_memcpy4
                        0x0800e505          Code  Gb  ABImemcpy_unaligned.o [7]
__iar_unaligned___aeabi_memcpy8
                        0x0800e505          Code  Gb  ABImemcpy_unaligned.o [7]
__iar_unaligned_strcpy  0x0800e339          Code  Gb  strcpy_unaligned.o [7]
__iar_vfp_asin          0x0800e4d5    0x10  Code  Gb  asin.o [4]
__iar_vfp_atan2         0x0800e325    0x14  Code  Gb  atan2.o [4]
__iar_vfp_floor         0x0800e5b9          Code  Gb  floor.o [4]
__iar_vfp_floorl        0x0800e5b9          Code  Gb  floor.o [4]
__iar_vfp_fmax          0x0800e6c9    0x14  Code  Gb  fmax.o [4]
__iar_vfp_sqrt          0x0800d9c1          Code  Gb  sqrt.o [4]
__iar_vfp_sqrtl         0x0800d9c1          Code  Gb  sqrt.o [4]
__iar_zero_init3        0x08021465    0x40  Code  Gb  zero_init3.o [7]
__low_level_init        0x08021943     0x4  Code  Gb  low_level_init.o [3]
__lseek                 0x08020c83    0x4c  Code  Gb  lseek.o [8]
__vector_table          0x08004000          Data  Gb  startup_stm32l476xx.o [1]
__write                 0x08020cd3    0x10  Code  Gb  write.o [8]
_call_main              0x08021935          Code  Gb  cmain.o [7]
_exit                   0x0802194d          Code  Gb  cexit.o [7]
_gm_                    0x2000d71c   0x1d8  Data  Lc  dlmalloc.o [3]
_libraries              0x2000db14    0xa8  Data  Lc  osxLibraryLocker100_CM4F_IAR.o [5]
_main                   0x0802193f          Code  Gb  cmain.o [7]
_numRegisteredLibs      0x2000e25c     0x1  Data  Lc  osxLibraryLocker100_CM4F_IAR.o [5]
_reason                 0x2000e25e     0x2  Data  Lc  osxLibraryLocker100_CM4F_IAR.o [5]
a                       0x0800ec10    0x40  Data  Lc  xatan.o [4]
abort                   0x0801c913     0x6  Code  Gb  abort.o [3]
acc_orientation         0x20000e60     0x4  Data  Gb  osx_motion_fx.o [6]
aci_gap_delete_ad_type  0x08017dc9    0x48  Code  Gb  bluenrg_gap_aci.o [1]
aci_gap_init_IDB04A1    0x08017b89    0x76  Code  Gb  bluenrg_gap_aci.o [1]
aci_gap_init_IDB05A1    0x08017afb    0x8e  Code  Gb  bluenrg_gap_aci.o [1]
aci_gap_set_discoverable
                        0x08017bff   0x15e  Code  Gb  bluenrg_gap_aci.o [1]
aci_gap_update_adv_data
                        0x08017d5d    0x6c  Code  Gb  bluenrg_gap_aci.o [1]
aci_gatt_init           0x08017abf    0x3c  Code  Gb  bluenrg_gatt_aci.o [1]
aci_hal_set_tx_power_level
                        0x08017a71    0x4e  Code  Gb  bluenrg_hal_aci.o [1]
aci_hal_write_config_data
                        0x080179f9    0x78  Code  Gb  bluenrg_hal_aci.o [1]
actualCal               0x20001228    0x18  Data  Gb  osx_motion_fx.o [6]
asin                    0x0800e3b5   0x10c  Code  Gb  asin.o [4]
atan2                   0x0800e245    0xd0  Code  Gb  atan2.o [4]
buff                    0x2000dbbc    0x80  Data  Gb  main.o [1]
calibrationRunning      0x200012e4     0x4  Data  Lc  osx_motion_fx.o [6]
compass_API_ForceReCalibration
                        0x08005071    0x28  Code  Lc  osx_motion_fx.o [6]
compass_API_Init        0x08004ec7    0x3c  Code  Lc  osx_motion_fx.o [6]
compass_API_IsCalibrated
                        0x0800505d    0x14  Code  Lc  osx_motion_fx.o [6]
compass_API_Run         0x08004f2d   0x130  Code  Lc  osx_motion_fx.o [6]
compass_API_SaveAcc     0x08004f03    0x12  Code  Lc  osx_motion_fx.o [6]
compass_API_SaveMag     0x08004f15    0x18  Code  Lc  osx_motion_fx.o [6]
counter                 0x2000e228     0x4  Data  Gb  PeakCounter.o [1]
discardedCount          0x2000e21c     0x4  Data  Lc  MotionFX_Manager.o [1]
drumCount               0x2000e204     0x4  Data  Gb  main.o [1]
eCompass_Offset         0x08004315   0xbb2  Code  Lc  osx_motion_fx.o [6]
eCompass_Sqrt           0x0800429d    0x78  Code  Lc  osx_motion_fx.o [6]
ebuf                    0x2000ddf4    0x50  Data  Lc  xfiles.o [3]
eml_MA_detect_value     0x20000ee4     0x4  Data  Gb  osx_motion_fx.o [6]
eml_dacc_meas           0x20000eac     0x4  Data  Gb  osx_motion_fx.o [6]
eml_dgyro_meas          0x20000eb0     0x4  Data  Gb  osx_motion_fx.o [6]
eml_dmag_meas           0x20000ea8     0x4  Data  Gb  osx_motion_fx.o [6]
eml_kalman_v_cpy        0x20000eb4    0x30  Data  Gb  osx_motion_fx.o [6]
eml_mR                  0x20000ee8     0x4  Data  Gb  osx_motion_fx.o [6]
eml_mR_cpy              0x20000eec     0x4  Data  Gb  osx_motion_fx.o [6]
eml_mag_cpy             0x20000e3c     0xc  Data  Gb  osx_motion_fx.o [6]
enable6X                0x20000e9c     0x4  Data  Gb  osx_motion_fx.o [6]
enable9X                0x20000ea0     0x4  Data  Gb  osx_motion_fx.o [6]
exit                    0x08021947     0x4  Code  Gb  exit.o [3]
fCounter                0x2000e230     0x4  Data  Gb  PeakCounter.o [1]
fclose                  0x08021111    0x7a  Code  Gb  fclose.o [3]
fflush                  0x08020c3f    0x34  Code  Gb  fflush.o [3]
fflushOne               0x08020bc9    0x76  Code  Lc  fflush.o [3]
findDirection           0x08005651   0x25c  Code  Lc  osx_motion_fx.o [6]
floor                   0x0800e5c9          Code  Gb  floor.o [4]
floorl                  0x0800e5c9          Code  Gb  floor.o [4]
fmax                    0x0800e675    0x4e  Code  Gb  fmax.o [4]
fputc                   0x08021339    0x56  Code  Gb  fputc.o [3]
free_event_list         0x08015cb9    0x2c  Code  Lc  hci.o [1]
fseek                   0x08020ec9    0x22  Code  Gb  fseek.o [3]
getBlueNRGVersion       0x08017999    0x60  Code  Gb  bluenrg_utils.o [1]
getCalibrationData      0x080055cb    0x30  Code  Lc  osx_motion_fx.o [6]
gyro_orientation        0x20000e64     0x4  Data  Gb  osx_motion_fx.o [6]
hciReadPacketBuffer     0x2000cfec   0x2bc  Data  Lc  hci.o [1]
hciReadPktPool          0x2000e198     0x8  Data  Gb  hci.o [1]
hciReadPktRxQueue       0x2000e1a0     0x8  Data  Gb  hci.o [1]
hci_le_read_local_version
                        0x08015eb1    0x88  Code  Gb  hci.o [1]
hci_le_set_scan_resp_data
                        0x08015f39    0x6c  Code  Gb  hci.o [1]
hci_send_cmd            0x08015c57    0x3e  Code  Gb  hci.o [1]
hci_send_req            0x08015ce5   0x1ba  Code  Gb  hci.o [1]
hci_write               0x08015c3b    0x1c  Code  Gb  hci.o [1]
hdma_dfsdmReg_FLT       0x2000d8f4   0x120  Data  Gb  SensorTile_audio_in.o [1]
hpcd                    0x2000cc20   0x3cc  Data  Gb  usbd_conf.o [1]
iDataIN                 0x2000e0a4    0x24  Data  Gb  MotionFX_Manager.o [1]
iDataOUT                0x2000dcbc    0x70  Data  Gb  MotionFX_Manager.o [1]
iKnobs                  0x2000dfdc    0x3c  Data  Lc  MotionFX_Manager.o [1]
iNemoEngine_API_Get_Lib_Version
                        0x080064b1    0x22  Code  Lc  osx_motion_fx.o [6]
iNemoEngine_API_Propagate
                        0x080061b5   0x150  Code  Lc  osx_motion_fx.o [6]
iNemoEngine_API_Update  0x08005fe5   0x1c6  Code  Lc  osx_motion_fx.o [6]
iNemoEngine_API_calc_bgias_th
                        0x0800630d   0x17e  Code  Lc  osx_motion_fx.o [6]
iNemoEngine_API_enable_6X
                        0x08005ded    0x4e  Code  Lc  osx_motion_fx.o [6]
iNemoEngine_API_enable_9X
                        0x08005e3b    0x4a  Code  Lc  osx_motion_fx.o [6]
iNemoEngine_API_getGbias
                        0x08005f39    0xa4  Code  Lc  osx_motion_fx.o [6]
iNemoEngine_API_getKnobs
                        0x08005d19    0xb2  Code  Lc  osx_motion_fx.o [6]
iNemoEngine_API_get_status_6X
                        0x08005dcb     0xc  Code  Lc  osx_motion_fx.o [6]
iNemoEngine_API_get_status_9X
                        0x08005ddd     0xc  Code  Lc  osx_motion_fx.o [6]
iNemoEngine_API_initialize
                        0x08005a55   0x1ca  Code  Lc  osx_motion_fx.o [6]
iNemoEngine_API_setGbias
                        0x08005e99    0x9c  Code  Lc  osx_motion_fx.o [6]
iNemoEngine_API_setKnobs
                        0x08005c1f    0xec  Code  Lc  osx_motion_fx.o [6]
iNemoEngine_DataIn_6X   0x20000ce8    0xf8  Data  Gb  osx_motion_fx.o [6]
iNemoEngine_DataIn_9X   0x20000bf0    0xf8  Data  Gb  osx_motion_fx.o [6]
iNemo_default_settings  0x080076ad   0x186  Code  Lc  osx_motion_fx.o [6]
iNemo_default_settings_6X
                        0x0800899d   0x17a  Code  Lc  osx_motion_fx.o [6]
iNemo_propagate         0x080064f9   0x83c  Code  Lc  osx_motion_fx.o [6]
iNemo_propagate_6X      0x08007849   0x840  Code  Lc  osx_motion_fx.o [6]
iNemo_quat2heading      0x080058ad   0x1a0  Code  Lc  osx_motion_fx.o [6]
iNemo_setOrientation    0x08007381   0x32c  Code  Lc  osx_motion_fx.o [6]
iNemo_setOrientation_6X
                        0x08008671   0x32c  Code  Lc  osx_motion_fx.o [6]
iNemo_update            0x08006d61   0x54c  Code  Lc  osx_motion_fx.o [6]
iNemo_update_6X         0x080080b9   0x49a  Code  Lc  osx_motion_fx.o [6]
init_mparams            0x0801a341    0x32  Code  Lc  dlmalloc.o [3]
init_top                0x0801a373    0x34  Code  Lc  dlmalloc.o [3]
ipKnobs                 0x2000e220     0x4  Data  Lc  MotionFX_Manager.o [1]
isCal                   0x2000e268     0x1  Data  Lc  main.o [1]
known_OsxLic            0x20001e5c    0x5c  Data  Gb  main.o [1]
list_get_size           0x080197f3    0x24  Code  Gb  ble_list.o [1]
list_init_head          0x08019729     0x6  Code  Gb  ble_list.o [1]
list_insert_head        0x08019751    0x1a  Code  Gb  ble_list.o [1]
list_insert_tail        0x0801976b    0x1a  Code  Gb  ble_list.o [1]
list_is_empty           0x0801972f    0x22  Code  Gb  ble_list.o [1]
list_remove_head        0x0801979f    0x2a  Code  Gb  ble_list.o [1]
list_remove_node        0x08019785    0x1a  Code  Gb  ble_list.o [1]
list_remove_tail        0x080197c9    0x2a  Code  Gb  ble_list.o [1]
m_b_interp1q_constrain  0x08008b29    0xd2  Code  Lc  osx_motion_fx.o [6]
m_d_spMult_1            0x0800d645    0xba  Code  Lc  osx_motion_fx.o [6]
m_interp1q_constrain    0x08008bfb    0xd2  Code  Lc  osx_motion_fx.o [6]
m_kalman_3gyro          0x08008eb9  0x3a5e  Code  Lc  osx_motion_fx.o [6]
m_median                0x0800c91d   0x274  Code  Lc  osx_motion_fx.o [6]
m_mldivide              0x0800cb91   0x25c  Code  Lc  osx_motion_fx.o [6]
m_norm_eml              0x08004189    0x3c  Code  Lc  osx_motion_fx.o [6]
m_q2dcm_eml             0x080041c5    0xd8  Code  Lc  osx_motion_fx.o [6]
m_q2ypr2_eml            0x0800cf17    0xca  Code  Gb  osx_motion_fx.o [6]
m_qmult_eml             0x0800cfe1    0xa8  Code  Lc  osx_motion_fx.o [6]
m_rt_atan2f_snf         0x0800cded   0x12a  Code  Lc  osx_motion_fx.o [6]
m_slopeFilter           0x08008ccd   0x1a4  Code  Lc  osx_motion_fx.o [6]
magOffset               0x2000e0e4    0x18  Data  Gb  main.o [1]
mag_orientation         0x20000e68     0x4  Data  Gb  osx_motion_fx.o [6]
main                    0x08013895   0x196  Code  Gb  main.o [1]
max                     0x2000e224     0x4  Data  Gb  PeakCounter.o [1]
memchr                  0x0801bbe9          Code  Gb  memchr.o [7]
move_list               0x08015c95    0x24  Code  Lc  hci.o [1]
mparams                 0x2000e0fc    0x18  Data  Lc  dlmalloc.o [3]
normalize_input_data    0x20000e70     0x1  Data  Gb  osx_motion_fx.o [6]
normalize_input_data_6X
                        0x20000e72     0x1  Data  Gb  osx_motion_fx.o [6]
obuf                    0x2000de44    0x50  Data  Lc  xfiles.o [3]
oldSample               0x2000e234     0x4  Data  Gb  PeakCounter.o [1]
osxMFX_knobs_6X         0x20000b24    0x54  Data  Gb  osx_motion_fx.o [6]
osxMFX_knobs_9X         0x20000ad0    0x54  Data  Gb  osx_motion_fx.o [6]
osxMFX_output_6X        0x200009d4    0xfc  Data  Gb  osx_motion_fx.o [6]
osxMFX_output_9X        0x200008d8    0xfc  Data  Gb  osx_motion_fx.o [6]
osx_LibLocker_Authenticate
                        0x0800e7e7    0xc0  Code  Gb  osxLibraryLocker100_CM4F_IAR.o [5]
osx_LibLocker_Decrypt16
                        0x0800e735    0x4e  Code  Lc  osxLibraryLocker100_CM4F_IAR.o [5]
osx_LibLocker_Decrypt32
                        0x0800e6e5    0x50  Code  Lc  osxLibraryLocker100_CM4F_IAR.o [5]
osx_LibLocker_RegisterLicense
                        0x0800e783    0x64  Code  Gb  osxLibraryLocker100_CM4F_IAR.o [5]
osx_LibLocker_SetHandle
                        0x0800e955    0x4e  Code  Gb  osxLibraryLocker100_CM4F_IAR.o [5]
osx_LibLocker_UnwrapAPIs
                        0x0800e8ad    0x82  Code  Gb  osxLibraryLocker100_CM4F_IAR.o [5]
osx_MotionFX_compass_init
                        0x0800d891    0x26  Code  Gb  osx_motion_fx.o [6]
osx_MotionFX_compass_isCalibrated
                        0x0800d8b7    0x28  Code  Gb  osx_motion_fx.o [6]
osx_MotionFX_enable_6X  0x0800d79b    0x24  Code  Gb  osx_motion_fx.o [6]
osx_MotionFX_enable_9X  0x0800d7c5    0x24  Code  Gb  osx_motion_fx.o [6]
osx_MotionFX_getKnobs   0x0800d777    0x24  Code  Gb  osx_motion_fx.o [6]
osx_MotionFX_getLibVersion
                        0x0800d86b    0x26  Code  Gb  osx_motion_fx.o [6]
osx_MotionFX_initialize
                        0x0800d70d    0x46  Code  Gb  osx_motion_fx.o [6]
osx_MotionFX_propagate  0x0800d829    0x42  Code  Gb  osx_motion_fx.o [6]
osx_MotionFX_setCalibrationData
                        0x0800d8df    0x24  Code  Gb  osx_motion_fx.o [6]
osx_MotionFX_setKnobs   0x0800d753    0x24  Code  Gb  osx_motion_fx.o [6]
osx_MotionFX_update     0x0800d7e9    0x40  Code  Gb  osx_motion_fx.o [6]
osx_mfx_lib             0x2000e258     0x4  Data  Lc  osx_motion_fx.o [6]
osx_mfx_license         0x200020a8    0x30  Data  Gb  MotionFX_Manager.o [1]
osx_motion_fx_core      0x0800d918    0x50  Data  Lc  osx_motion_fx.o [6]
pFlash                  0x2000e0c8    0x1c  Data  Gb  stm32l4xx_hal_flash.o [1]
pMetaDataManagerHeader  0x20001ebc     0x4  Data  Lc  MetaDataManager.o [1]
prepend_alloc           0x0801a3a7   0x372  Code  Lc  dlmalloc.o [3]
printf                  0x08020179    0x24  Code  Gb  printf.o [3]
puint8_RW_MetaData      0x20001eb8     0x4  Data  Lc  MetaDataManager.o [1]
putchar                 0x08021a7d     0xc  Code  Gb  putchar.o [3]
rCounter                0x2000e22c     0x4  Data  Gb  PeakCounter.o [1]
remove                  0x080211a5    0x16  Code  Gb  remove.o [8]
rotAcc                  0x20000df4     0xc  Data  Lc  osx_motion_fx.o [6]
rotAcc6X                0x20000e18     0xc  Data  Gb  osx_motion_fx.o [6]
rotGyro                 0x20000e0c     0xc  Data  Lc  osx_motion_fx.o [6]
rotGyro6X               0x20000e30     0xc  Data  Gb  osx_motion_fx.o [6]
rotMag                  0x20000e00     0xc  Data  Lc  osx_motion_fx.o [6]
rotMag6X                0x20000e24     0xc  Data  Gb  osx_motion_fx.o [6]
rotVect                 0x080072bd    0xc2  Code  Lc  osx_motion_fx.o [6]
rotVect_6X              0x080085ad    0xc2  Code  Gb  osx_motion_fx.o [6]
rtInfF                  0x20000e78     0x4  Data  Lc  osx_motion_fx.o [6]
rtMinusInfF             0x20000e7c     0x4  Data  Lc  osx_motion_fx.o [6]
rtNaN                   0x20000000     0x8  Data  Lc  osx_motion_fx.o [6]
runCal                  0x20000ea4     0x4  Data  Gb  osx_motion_fx.o [6]
sFileInfo               0x2000dc3c    0x80  Data  Lc  XShHandles.o [3]
segment_holding         0x0801a325    0x1c  Code  Lc  dlmalloc.o [3]
sensitivity             0x2000e1f8     0x4  Data  Gb  main.o [1]
sensitivity_Mul         0x2000e1fc     0x4  Data  Gb  main.o [1]
setCalibrationData      0x08005605    0x4c  Code  Lc  osx_motion_fx.o [6]
set_irq_as_input        0x080145cb    0x30  Code  Gb  SensorTile_BlueNRG.o [1]
set_irq_as_output       0x080145a1    0x2a  Code  Gb  SensorTile_BlueNRG.o [1]
sp                      0x20000008   0x8d0  Data  Gb  osx_motion_fx.o [6]
sp6x                    0x200012f0   0x8d0  Data  Gb  osx_motion_fx.o [6]
sprintf                 0x080158e9    0x34  Code  Gb  sprintf.o [3]
sqrt                    0x0800d9d1          Code  Gb  sqrt.o [4]
sqrtl                   0x0800d9d1          Code  Gb  sqrt.o [4]
startCalibration        0x200012c9     0x1  Data  Lc  osx_motion_fx.o [6]
start_automatic_gbias_calculation
                        0x20000e80     0x4  Data  Gb  osx_motion_fx.o [6]
stdDevAccX              0x20001210     0x8  Data  Lc  osx_motion_fx.o [6]
stdDevAccY              0x20001218     0x8  Data  Lc  osx_motion_fx.o [6]
stdDevAccZ              0x20001220     0x8  Data  Lc  osx_motion_fx.o [6]
strchr                  0x0801bbd1          Code  Gb  strchr.o [7]
strlen                  0x0800e37d          Code  Gb  strlen.o [7]
sys_alloc               0x0801a719   0x388  Code  Lc  dlmalloc.o [3]
tmalloc_large           0x0801aaad   0x380  Code  Lc  dlmalloc.o [3]
tmalloc_small           0x0801ae2d   0x206  Code  Lc  dlmalloc.o [3]
true_vector_mag         0x200012e0     0x4  Data  Lc  osx_motion_fx.o [6]
uint64_MetaDataVector   0x2000ac20  0x1000  Data  Lc  MetaDataManager.o [1]
us150Delay              0x080145fb    0x1c  Code  Lc  SensorTile_BlueNRG.o [1]
uwTick                  0x2000e24c     0x4  Data  Gb  stm32l4xx_hal.o [1]
v                       0x20001240    0x10  Data  Lc  osx_motion_fx.o [6]
vArray                  0x20000ef0   0x320  Data  Lc  osx_motion_fx.o [6]
vGoodNum                0x200012d2     0x2  Data  Gb  osx_motion_fx.o [6]
vGoodX                  0x200012d4     0x4  Data  Lc  osx_motion_fx.o [6]
vGoodY                  0x200012d8     0x4  Data  Lc  osx_motion_fx.o [6]
vGoodZ                  0x200012dc     0x4  Data  Lc  osx_motion_fx.o [6]
vOff                    0x200012c8     0x1  Data  Lc  osx_motion_fx.o [6]


[1] = D:\2.tempPjt\171.SensorTile Drum set\6.git AirDrum\AirDrum\1.SensorTile\BlueMicrosystem2_V2.2.0\Projects\Multi\Applications\BlueMicrosystem2\EWARM\STM32L476RG-SensorTile\STM32L476RG_SENSORTILE\Obj
[2] = command line
[3] = dl7M_tlf.a
[4] = m7M_tls.a
[5] = osxBlueVoice200_CM4F_IAR_ot.a
[6] = osxMotionFX107_CM4_IAR_ot.a
[7] = rt7M_tl.a
[8] = shb_l.a

  119 402 bytes of readonly  code memory
    3 971 bytes of readonly  data memory
   57 959 bytes of readwrite data memory

Errors: none
Warnings: none
